[2023-05-29T02:18:26.035+0300][0.012s][info][gc] Using Parallel
[2023-05-29T02:18:26.554+0300][0.523s][info][gc] GC(0) Pause Young (Allocation Failure) 128M->114M(491M) 201.651ms
[2023-05-29T02:18:26.749+0300][0.720s][info][gc] GC(1) Pause Young (Allocation Failure) 242M->183M(491M) 157.148ms
[2023-05-29T02:18:26.904+0300][0.872s][info][gc] GC(2) Pause Young (Allocation Failure) 312M->246M(491M) 121.609ms
[2023-05-29T02:18:27.022+0300][0.993s][info][gc] GC(3) Pause Young (Allocation Failure) 374M->302M(491M) 93.752ms
[2023-05-29T02:18:27.195+0300][1.166s][debug][gc] GC(4) Shrinking ParOldGen from 349696K by 13824K to 335872K
[2023-05-29T02:18:27.195+0300][1.167s][info ][gc] GC(4) Pause Full (Ergonomics) 302M->76M(477M) 174.231ms
[2023-05-29T02:18:27.352+0300][1.320s][info ][gc] GC(5) Pause Young (Allocation Failure) 205M->204M(406M) 119.717ms
[2023-05-29T02:18:27.405+0300][1.370s][info ][gc] GC(6) Pause Young (Allocation Failure) 262M->262M(442M) 43.207ms
[2023-05-29T02:18:27.747+0300][1.711s][debug][gc] GC(7) Expanding ParOldGen from 335872K by 13824K to 349696K
[2023-05-29T02:18:27.747+0300][1.711s][info ][gc] GC(7) Pause Full (Ergonomics) 262M->128M(455M) 340.417ms
[2023-05-29T02:18:27.794+0300][1.759s][info ][gc] GC(8) Pause Young (Allocation Failure) 185M->184M(455M) 28.025ms
[2023-05-29T02:18:27.873+0300][1.838s][info ][gc] GC(9) Pause Young (Allocation Failure) 242M->242M(455M) 71.754ms
[2023-05-29T02:18:27.907+0300][1.872s][info ][gc] GC(10) Pause Young (Allocation Failure) 299M->224M(455M) 15.962ms
[2023-05-29T02:18:27.983+0300][1.948s][info ][gc] GC(11) Pause Young (Allocation Failure) 281M->281M(455M) 69.117ms
[2023-05-29T02:18:28.002+0300][1.968s][info ][gc] GC(12) Pause Young (Allocation Failure) 327M->225M(455M) 2.651ms
[2023-05-29T02:18:28.042+0300][2.008s][info ][gc] GC(13) Pause Young (Allocation Failure) 282M->282M(455M) 33.810ms
[2023-05-29T02:18:28.159+0300][2.123s][info ][gc] GC(14) Pause Young (Allocation Failure) 340M->340M(455M) 107.954ms
[2023-05-29T02:18:28.427+0300][2.399s][info ][gc] GC(15) Pause Full (Ergonomics) 340M->116M(455M) 275.402ms
[2023-05-29T02:18:28.487+0300][2.450s][info ][gc] GC(16) Pause Young (Allocation Failure) 173M->173M(455M) 24.023ms
[2023-05-29T02:18:28.568+0300][2.544s][info ][gc] GC(17) Pause Young (Allocation Failure) 231M->231M(455M) 87.456ms
[2023-05-29T02:18:28.893+0300][2.856s][info ][gc] GC(18) Pause Young (Allocation Failure) 288M->289M(455M) 292.095ms
[2023-05-29T02:18:28.899+0300][2.866s][info ][gc] GC(19) Pause Full (Ergonomics) 289M->21M(455M) 9.653ms
[2023-05-29T02:18:29.040+0300][3.009s][info ][gc] GC(20) Pause Young (Allocation Failure) 79M->79M(455M) 136.131ms
[2023-05-29T02:18:29.362+0300][3.339s][info ][gc] GC(21) Pause Young (Allocation Failure) 135M->135M(455M) 312.238ms
[2023-05-29T02:18:29.503+0300][3.470s][info ][gc] GC(22) Pause Young (Allocation Failure) 192M->193M(455M) 124.323ms
[2023-05-29T02:18:29.613+0300][3.576s][info ][gc] GC(23) Pause Young (Allocation Failure) 250M->250M(455M) 98.686ms
[2023-05-29T02:18:29.710+0300][3.678s][info ][gc] GC(24) Pause Young (Allocation Failure) 308M->306M(455M) 82.143ms
[2023-05-29T02:18:29.772+0300][3.739s][info ][gc] GC(25) Pause Full (Ergonomics) 306M->38M(455M) 60.847ms
[2023-05-29T02:18:29.851+0300][3.827s][info ][gc] GC(26) Pause Young (Allocation Failure) 96M->96M(455M) 78.331ms
[2023-05-29T02:18:30.124+0300][4.101s][info ][gc] GC(27) Pause Young (Allocation Failure) 136M->135M(455M) 256.880ms
[2023-05-29T02:18:30.181+0300][4.156s][info ][gc] GC(28) Pause Young (Allocation Failure) 192M->192M(455M) 46.859ms
[2023-05-29T02:18:30.306+0300][4.269s][info ][gc] GC(29) Pause Young (Allocation Failure) 250M->250M(455M) 105.337ms
[2023-05-29T02:18:30.440+0300][4.413s][info ][gc] GC(30) Pause Young (Allocation Failure) 308M->308M(455M) 123.047ms
[2023-05-29T02:18:30.503+0300][4.473s][info ][gc] GC(31) Pause Full (Ergonomics) 308M->40M(455M) 59.889ms
[2023-05-29T02:18:30.740+0300][4.717s][info ][gc] GC(32) Pause Young (Allocation Failure) 97M->97M(455M) 235.589ms
[2023-05-29T02:18:31.147+0300][5.112s][info ][gc] GC(33) Pause Young (Allocation Failure) 155M->155M(455M) 375.877ms
[2023-05-29T02:18:31.232+0300][5.197s][info ][gc] GC(34) Pause Young (Allocation Failure) 213M->213M(455M) 77.677ms
[2023-05-29T02:18:31.572+0300][5.541s][info ][gc] GC(35) Pause Young (Allocation Failure) 269M->269M(455M) 326.718ms
[2023-05-29T02:18:31.682+0300][5.651s][info ][gc] GC(36) Pause Young (Allocation Failure) 326M->326M(455M) 103.070ms
[2023-05-29T02:18:31.802+0300][5.765s][info ][gc] GC(37) Pause Full (Ergonomics) 326M->58M(455M) 114.326ms
[2023-05-29T02:18:31.906+0300][5.872s][info ][gc] GC(38) Pause Young (Allocation Failure) 116M->116M(455M) 98.779ms
[2023-05-29T02:18:32.018+0300][5.984s][info ][gc] GC(39) Pause Young (Allocation Failure) 174M->174M(455M) 93.811ms
[2023-05-29T02:18:32.112+0300][6.080s][info ][gc] GC(40) Pause Young (Allocation Failure) 231M->231M(455M) 88.116ms
[2023-05-29T02:18:32.413+0300][6.376s][info ][gc] GC(41) Pause Young (Allocation Failure) 289M->289M(455M) 279.127ms
[2023-05-29T02:18:32.494+0300][6.458s][info ][gc] GC(42) Pause Young (Allocation Failure) 347M->347M(455M) 73.129ms
[2023-05-29T02:18:32.657+0300][6.624s][info ][gc] GC(43) Pause Full (Ergonomics) 347M->79M(455M) 166.256ms
[2023-05-29T02:18:32.882+0300][6.846s][info ][gc] GC(44) Pause Young (Allocation Failure) 135M->135M(455M) 193.605ms
[2023-05-29T02:18:32.943+0300][6.906s][info ][gc] GC(45) Pause Young (Allocation Failure) 192M->192M(455M) 52.950ms
[2023-05-29T02:18:33.054+0300][7.021s][info ][gc] GC(46) Pause Young (Allocation Failure) 250M->250M(455M) 107.454ms
[2023-05-29T02:18:33.202+0300][7.167s][info ][gc] GC(47) Pause Young (Allocation Failure) 307M->308M(455M) 128.639ms
[2023-05-29T02:18:33.262+0300][7.227s][info ][gc] GC(48) Pause Full (Ergonomics) 308M->40M(455M) 59.998ms
[2023-05-29T02:18:33.404+0300][7.373s][info ][gc] GC(49) Pause Young (Allocation Failure) 97M->97M(455M) 137.256ms
[2023-05-29T02:18:33.612+0300][7.578s][info ][gc] GC(50) Pause Young (Allocation Failure) 155M->155M(455M) 177.681ms
[2023-05-29T02:18:33.702+0300][7.667s][info ][gc] GC(51) Pause Young (Allocation Failure) 213M->213M(455M) 81.970ms
[2023-05-29T02:18:34.062+0300][8.029s][info ][gc] GC(52) Pause Young (Allocation Failure) 269M->269M(455M) 342.728ms
[2023-05-29T02:18:34.122+0300][8.088s][info ][gc] GC(53) Pause Young (Allocation Failure) 326M->327M(455M) 52.441ms
[2023-05-29T02:18:34.233+0300][8.199s][info ][gc] GC(54) Pause Full (Ergonomics) 327M->58M(455M) 110.084ms
[2023-05-29T02:18:34.377+0300][8.339s][info ][gc] GC(55) Pause Young (Allocation Failure) 116M->116M(455M) 132.656ms
[2023-05-29T02:18:34.652+0300][8.617s][info ][gc] GC(56) Pause Young (Allocation Failure) 174M->174M(455M) 258.267ms
[2023-05-29T02:18:34.882+0300][8.847s][info ][gc] GC(57) Pause Young (Allocation Failure) 231M->231M(455M) 211.172ms
[2023-05-29T02:18:35.843+0300][9.812s][info ][gc] GC(58) Pause Young (Allocation Failure) 289M->289M(455M) 929.379ms
[2023-05-29T02:18:36.078+0300][10.041s][info ][gc] GC(59) Pause Young (Allocation Failure) 347M->347M(455M) 214.854ms
[2023-05-29T02:18:36.412+0300][10.376s][info ][gc] GC(60) Pause Full (Ergonomics) 347M->79M(455M) 334.292ms
[2023-05-29T02:18:36.958+0300][10.922s][info ][gc] GC(61) Pause Young (Allocation Failure) 135M->135M(455M) 512.766ms
[2023-05-29T02:18:37.202+0300][11.167s][info ][gc] GC(62) Pause Young (Allocation Failure) 192M->192M(455M) 234.278ms
[2023-05-29T02:18:37.449+0300][11.414s][info ][gc] GC(63) Pause Young (Allocation Failure) 250M->250M(455M) 233.735ms
[2023-05-29T02:18:38.056+0300][12.020s][info ][gc] GC(64) Pause Young (Allocation Failure) 307M->308M(455M) 570.351ms
[2023-05-29T02:18:38.184+0300][12.148s][info ][gc] GC(65) Pause Full (Ergonomics) 308M->40M(455M) 127.682ms
[2023-05-29T02:18:38.774+0300][12.743s][info ][gc] GC(66) Pause Young (Allocation Failure) 97M->97M(455M) 581.098ms
[2023-05-29T02:18:39.726+0300][13.703s][info ][gc] GC(67) Pause Young (Allocation Failure) 155M->155M(455M) 931.623ms
[2023-05-29T02:18:39.988+0300][13.950s][info ][gc] GC(68) Pause Young (Allocation Failure) 212M->212M(455M) 233.293ms
[2023-05-29T02:18:41.162+0300][15.128s][info ][gc] GC(69) Pause Young (Allocation Failure) 270M->269M(455M) 1140.621ms
[2023-05-29T02:18:41.457+0300][15.432s][info ][gc] GC(70) Pause Young (Allocation Failure) 326M->327M(455M) 292.931ms
[2023-05-29T02:18:41.726+0300][15.695s][info ][gc] GC(71) Pause Full (Ergonomics) 327M->58M(455M) 262.278ms
[2023-05-29T02:18:42.262+0300][16.238s][info ][gc] GC(72) Pause Young (Allocation Failure) 116M->116M(455M) 530.177ms
[2023-05-29T02:18:42.892+0300][16.862s][info ][gc] GC(73) Pause Young (Allocation Failure) 174M->174M(455M) 597.571ms
[2023-05-29T02:18:43.144+0300][17.119s][info ][gc] GC(74) Pause Young (Allocation Failure) 231M->231M(455M) 242.013ms
[2023-05-29T02:18:44.091+0300][18.068s][info ][gc] GC(75) Pause Young (Allocation Failure) 289M->289M(455M) 911.272ms
[2023-05-29T02:18:44.328+0300][18.302s][info ][gc] GC(76) Pause Young (Allocation Failure) 347M->346M(455M) 218.106ms
[2023-05-29T02:18:44.659+0300][18.630s][info ][gc] GC(77) Pause Full (Ergonomics) 346M->77M(455M) 327.752ms
[2023-05-29T02:18:45.229+0300][19.192s][info ][gc] GC(78) Pause Young (Allocation Failure) 135M->135M(455M) 547.934ms
[2023-05-29T02:18:45.559+0300][19.525s][info ][gc] GC(79) Pause Young (Allocation Failure) 192M->192M(455M) 307.865ms
[2023-05-29T02:18:45.824+0300][19.789s][info ][gc] GC(80) Pause Young (Allocation Failure) 249M->249M(455M) 249.876ms
[2023-05-29T02:18:46.569+0300][20.540s][info ][gc] GC(81) Pause Young (Allocation Failure) 306M->305M(455M) 727.519ms
[2023-05-29T02:18:46.680+0300][20.642s][info ][gc] GC(82) Pause Full (Ergonomics) 305M->38M(455M) 101.404ms
[2023-05-29T02:18:47.202+0300][21.164s][info ][gc] GC(83) Pause Young (Allocation Failure) 95M->95M(455M) 508.905ms
[2023-05-29T02:18:48.126+0300][22.089s][info ][gc] GC(84) Pause Young (Allocation Failure) 138M->136M(455M) 896.695ms
[2023-05-29T02:18:48.282+0300][22.244s][info ][gc] GC(85) Pause Young (Allocation Failure) 194M->193M(455M) 144.125ms
[2023-05-29T02:18:48.544+0300][22.506s][info ][gc] GC(86) Pause Young (Allocation Failure) 251M->251M(455M) 247.345ms
[2023-05-29T02:18:49.122+0300][23.085s][info ][gc] GC(87) Pause Young (Allocation Failure) 308M->307M(455M) 544.724ms
[2023-05-29T02:18:49.232+0300][23.195s][info ][gc] GC(88) Pause Full (Ergonomics) 307M->39M(455M) 109.810ms
[2023-05-29T02:18:49.766+0300][23.728s][info ][gc] GC(89) Pause Young (Allocation Failure) 96M->96M(455M) 519.416ms
[2023-05-29T02:18:50.640+0300][24.602s][info ][gc] GC(90) Pause Young (Allocation Failure) 138M->136M(455M) 839.426ms
[2023-05-29T02:18:50.814+0300][24.776s][info ][gc] GC(91) Pause Young (Allocation Failure) 194M->193M(455M) 159.574ms
[2023-05-29T02:18:51.086+0300][25.048s][info ][gc] GC(92) Pause Young (Allocation Failure) 251M->251M(455M) 256.539ms
[2023-05-29T02:18:51.722+0300][25.684s][info ][gc] GC(93) Pause Young (Allocation Failure) 308M->306M(455M) 610.286ms
[2023-05-29T02:18:51.844+0300][25.806s][info ][gc] GC(94) Pause Full (Ergonomics) 306M->39M(455M) 121.464ms
[2023-05-29T02:18:52.416+0300][26.378s][info ][gc] GC(95) Pause Young (Allocation Failure) 96M->96M(455M) 557.772ms
[2023-05-29T02:18:53.404+0300][27.365s][info ][gc] GC(96) Pause Young (Allocation Failure) 141M->138M(455M) 962.531ms
[2023-05-29T02:18:53.680+0300][27.642s][info ][gc] GC(97) Pause Young (Allocation Failure) 196M->188M(455M) 195.096ms
[2023-05-29T02:18:53.932+0300][27.894s][info ][gc] GC(98) Pause Young (Allocation Failure) 245M->245M(455M) 236.462ms
[2023-05-29T02:18:54.696+0300][28.658s][info ][gc] GC(99) Pause Young (Allocation Failure) 302M->302M(455M) 724.484ms
[2023-05-29T02:18:54.959+0300][28.921s][info ][gc] GC(100) Pause Young (Allocation Failure) 360M->360M(455M) 238.415ms
[2023-05-29T02:18:55.350+0300][29.312s][info ][gc] GC(101) Pause Full (Ergonomics) 360M->90M(455M) 390.103ms
[2023-05-29T02:18:55.873+0300][29.834s][info ][gc] GC(102) Pause Young (Allocation Failure) 137M->136M(455M) 487.591ms
[2023-05-29T02:18:56.099+0300][30.060s][info ][gc] GC(103) Pause Young (Allocation Failure) 194M->194M(455M) 213.746ms
[2023-05-29T02:18:56.400+0300][30.361s][info ][gc] GC(104) Pause Young (Allocation Failure) 251M->251M(455M) 282.477ms
[2023-05-29T02:18:57.022+0300][30.984s][info ][gc] GC(105) Pause Young (Allocation Failure) 309M->309M(455M) 595.276ms
[2023-05-29T02:18:57.258+0300][31.220s][info ][gc] GC(106) Pause Young (Allocation Failure) 366M->367M(455M) 221.855ms
[2023-05-29T02:18:57.707+0300][31.668s][info ][gc] GC(107) Pause Full (Ergonomics) 367M->99M(455M) 448.390ms
[2023-05-29T02:18:58.084+0300][32.046s][info ][gc] GC(108) Pause Young (Allocation Failure) 138M->137M(455M) 355.192ms
[2023-05-29T02:18:58.228+0300][32.189s][info ][gc] GC(109) Pause Young (Allocation Failure) 194M->194M(455M) 131.393ms
[2023-05-29T02:18:58.496+0300][32.458s][info ][gc] GC(110) Pause Young (Allocation Failure) 252M->251M(455M) 255.338ms
[2023-05-29T02:18:59.097+0300][33.058s][info ][gc] GC(111) Pause Young (Allocation Failure) 309M->309M(455M) 575.216ms
[2023-05-29T02:18:59.334+0300][33.295s][info ][gc] GC(112) Pause Young (Allocation Failure) 366M->366M(455M) 222.427ms
[2023-05-29T02:18:59.769+0300][33.731s][info ][gc] GC(113) Pause Full (Ergonomics) 366M->98M(455M) 435.071ms
[2023-05-29T02:19:00.214+0300][34.176s][info ][gc] GC(114) Pause Young (Allocation Failure) 137M->137M(455M) 422.075ms
[2023-05-29T02:19:00.355+0300][34.318s][info ][gc] GC(115) Pause Young (Allocation Failure) 194M->194M(455M) 126.841ms
[2023-05-29T02:19:00.614+0300][34.575s][info ][gc] GC(116) Pause Young (Allocation Failure) 251M->251M(455M) 243.744ms
[2023-05-29T02:19:01.175+0300][35.136s][info ][gc] GC(117) Pause Young (Allocation Failure) 309M->308M(455M) 527.778ms
[2023-05-29T02:19:01.410+0300][35.372s][info ][gc] GC(118) Pause Young (Allocation Failure) 365M->365M(455M) 217.377ms
[2023-05-29T02:19:01.853+0300][35.814s][info ][gc] GC(119) Pause Full (Ergonomics) 365M->97M(455M) 442.225ms
[2023-05-29T02:19:02.280+0300][36.241s][info ][gc] GC(120) Pause Young (Allocation Failure) 137M->137M(455M) 398.461ms
[2023-05-29T02:19:02.414+0300][36.375s][info ][gc] GC(121) Pause Young (Allocation Failure) 194M->194M(455M) 122.193ms
[2023-05-29T02:19:02.698+0300][36.659s][info ][gc] GC(122) Pause Young (Allocation Failure) 252M->251M(455M) 266.954ms
[2023-05-29T02:19:03.507+0300][37.468s][info ][gc] GC(123) Pause Young (Allocation Failure) 309M->308M(455M) 785.896ms
[2023-05-29T02:19:03.764+0300][37.725s][info ][gc] GC(124) Pause Young (Allocation Failure) 366M->366M(455M) 243.425ms
[2023-05-29T02:19:04.200+0300][38.161s][info ][gc] GC(125) Pause Full (Ergonomics) 366M->98M(455M) 435.950ms
[2023-05-29T02:19:04.614+0300][38.574s][info ][gc] GC(126) Pause Young (Allocation Failure) 138M->137M(455M) 389.124ms
[2023-05-29T02:19:04.759+0300][38.719s][info ][gc] GC(127) Pause Young (Allocation Failure) 195M->194M(455M) 132.636ms
[2023-05-29T02:19:05.036+0300][38.997s][info ][gc] GC(128) Pause Young (Allocation Failure) 252M->251M(455M) 262.528ms
[2023-05-29T02:19:05.736+0300][39.697s][info ][gc] GC(129) Pause Young (Allocation Failure) 309M->309M(455M) 670.890ms
[2023-05-29T02:19:05.991+0300][39.952s][info ][gc] GC(130) Pause Young (Allocation Failure) 366M->366M(455M) 240.654ms
[2023-05-29T02:19:06.424+0300][40.385s][info ][gc] GC(131) Pause Full (Ergonomics) 366M->98M(455M) 432.937ms
[2023-05-29T02:19:06.866+0300][40.828s][info ][gc] GC(132) Pause Young (Allocation Failure) 137M->137M(455M) 414.731ms
[2023-05-29T02:19:07.002+0300][40.963s][info ][gc] GC(133) Pause Young (Allocation Failure) 195M->195M(455M) 123.159ms
[2023-05-29T02:19:07.301+0300][41.262s][info ][gc] GC(134) Pause Young (Allocation Failure) 252M->252M(455M) 285.099ms
[2023-05-29T02:19:07.893+0300][41.854s][info ][gc] GC(135) Pause Young (Allocation Failure) 310M->310M(455M) 567.940ms
[2023-05-29T02:19:08.120+0300][42.080s][info ][gc] GC(136) Pause Young (Allocation Failure) 368M->368M(455M) 212.925ms
[2023-05-29T02:19:08.573+0300][42.534s][info ][gc] GC(137) Pause Full (Ergonomics) 368M->99M(455M) 453.570ms
[2023-05-29T02:19:08.972+0300][42.933s][info ][gc] GC(138) Pause Young (Allocation Failure) 157M->157M(455M) 365.836ms
[2023-05-29T02:19:09.177+0300][43.138s][info ][gc] GC(139) Pause Young (Allocation Failure) 214M->214M(455M) 191.086ms
[2023-05-29T02:19:10.469+0300][44.431s][info ][gc] GC(140) Pause Young (Allocation Failure) 271M->271M(455M) 1266.338ms
[2023-05-29T02:19:10.900+0300][44.862s][info ][gc] GC(141) Pause Young (Allocation Failure) 328M->328M(455M) 418.447ms
[2023-05-29T02:19:11.118+0300][45.079s][info ][gc] GC(142) Pause Full (Ergonomics) 328M->61M(455M) 217.005ms
[2023-05-29T02:19:11.805+0300][45.765s][info ][gc] GC(143) Pause Young (Allocation Failure) 118M->118M(455M) 672.294ms
[2023-05-29T02:19:12.498+0300][46.459s][info ][gc] GC(144) Pause Young (Allocation Failure) 176M->176M(455M) 652.959ms
[2023-05-29T02:19:12.723+0300][46.684s][info ][gc] GC(145) Pause Young (Allocation Failure) 233M->233M(455M) 213.385ms
[2023-05-29T02:19:13.623+0300][47.584s][info ][gc] GC(146) Pause Young (Allocation Failure) 291M->291M(455M) 871.579ms
[2023-05-29T02:19:13.823+0300][47.784s][info ][gc] GC(147) Pause Young (Allocation Failure) 349M->349M(455M) 185.525ms
[2023-05-29T02:19:14.133+0300][48.099s][info ][gc] GC(148) Pause Full (Ergonomics) 349M->80M(455M) 314.886ms
[2023-05-29T02:19:14.282+0300][48.244s][info ][gc] GC(149) Pause Young (Allocation Failure) 137M->137M(455M) 125.212ms
[2023-05-29T02:19:14.364+0300][48.326s][info ][gc] GC(150) Pause Young (Allocation Failure) 194M->194M(455M) 75.616ms
[2023-05-29T02:19:14.458+0300][48.429s][info ][gc] GC(151) Pause Young (Allocation Failure) 252M->252M(455M) 94.923ms
[2023-05-29T02:19:14.623+0300][48.590s][info ][gc] GC(152) Pause Young (Allocation Failure) 310M->310M(455M) 143.246ms
[2023-05-29T02:19:14.686+0300][48.655s][info ][gc] GC(153) Pause Full (Ergonomics) 310M->42M(455M) 65.122ms
[2023-05-29T02:19:14.796+0300][48.770s][info ][gc] GC(154) Pause Young (Allocation Failure) 100M->100M(455M) 105.737ms
[2023-05-29T02:19:15.031+0300][48.994s][info ][gc] GC(155) Pause Young (Allocation Failure) 157M->157M(455M) 204.676ms
[2023-05-29T02:19:15.110+0300][49.076s][info ][gc] GC(156) Pause Young (Allocation Failure) 215M->215M(455M) 74.516ms
[2023-05-29T02:19:15.439+0300][49.405s][info ][gc] GC(157) Pause Young (Allocation Failure) 272M->271M(455M) 310.334ms
[2023-05-29T02:19:15.514+0300][49.481s][info ][gc] GC(158) Pause Young (Allocation Failure) 329M->329M(455M) 68.839ms
[2023-05-29T02:19:15.639+0300][49.606s][info ][gc] GC(159) Pause Full (Ergonomics) 329M->61M(455M) 125.357ms
[2023-05-29T02:19:15.702+0300][49.671s][info ][gc] GC(160) Pause Young (Allocation Failure) 118M->118M(455M) 56.707ms
[2023-05-29T02:19:15.834+0300][49.809s][info ][gc] GC(161) Pause Young (Allocation Failure) 176M->176M(455M) 121.013ms
[2023-05-29T02:19:15.945+0300][49.909s][info ][gc] GC(162) Pause Young (Allocation Failure) 233M->234M(455M) 91.025ms
[2023-05-29T02:19:16.252+0300][50.217s][info ][gc] GC(163) Pause Young (Allocation Failure) 291M->291M(455M) 290.317ms
[2023-05-29T02:19:16.346+0300][50.315s][info ][gc] GC(164) Pause Young (Allocation Failure) 349M->349M(455M) 87.667ms
[2023-05-29T02:19:16.551+0300][50.512s][info ][gc] GC(165) Pause Full (Ergonomics) 349M->81M(455M) 196.794ms
[2023-05-29T02:19:16.682+0300][50.649s][info ][gc] GC(166) Pause Young (Allocation Failure) 137M->137M(455M) 105.065ms
[2023-05-29T02:19:16.776+0300][50.740s][info ][gc] GC(167) Pause Young (Allocation Failure) 194M->194M(455M) 84.159ms
[2023-05-29T02:19:16.886+0300][50.847s][info ][gc] GC(168) Pause Young (Allocation Failure) 252M->252M(455M) 99.355ms
[2023-05-29T02:19:17.043+0300][51.018s][info ][gc] GC(169) Pause Young (Allocation Failure) 309M->310M(455M) 151.722ms
[2023-05-29T02:19:17.121+0300][51.088s][info ][gc] GC(170) Pause Full (Ergonomics) 310M->42M(455M) 70.004ms
[2023-05-29T02:19:17.215+0300][51.186s][info ][gc] GC(171) Pause Young (Allocation Failure) 100M->100M(455M) 90.261ms
[2023-05-29T02:19:17.461+0300][51.424s][info ][gc] GC(172) Pause Young (Allocation Failure) 157M->157M(455M) 216.040ms
[2023-05-29T02:19:17.530+0300][51.504s][info ][gc] GC(173) Pause Young (Allocation Failure) 215M->215M(455M) 71.149ms
[2023-05-29T02:19:17.853+0300][51.822s][info ][gc] GC(174) Pause Young (Allocation Failure) 271M->271M(455M) 299.443ms
[2023-05-29T02:19:17.916+0300][51.878s][info ][gc] GC(175) Pause Young (Allocation Failure) 329M->328M(455M) 48.763ms
[2023-05-29T02:19:18.025+0300][51.985s][info ][gc] GC(176) Pause Full (Ergonomics) 328M->60M(455M) 107.681ms
[2023-05-29T02:19:18.150+0300][52.119s][info ][gc] GC(177) Pause Young (Allocation Failure) 118M->118M(455M) 125.893ms
[2023-05-29T02:19:18.314+0300][52.275s][info ][gc] GC(178) Pause Young (Allocation Failure) 175M->176M(455M) 138.550ms
[2023-05-29T02:19:18.424+0300][52.387s][info ][gc] GC(179) Pause Young (Allocation Failure) 233M->233M(455M) 104.576ms
[2023-05-29T02:19:18.616+0300][52.584s][info ][gc] GC(180) Pause Young (Allocation Failure) 291M->291M(455M) 179.827ms
[2023-05-29T02:19:18.710+0300][52.673s][info ][gc] GC(181) Pause Young (Allocation Failure) 349M->349M(455M) 80.969ms
[2023-05-29T02:19:18.899+0300][52.861s][info ][gc] GC(182) Pause Full (Ergonomics) 349M->80M(455M) 187.973ms
[2023-05-29T02:19:19.047+0300][53.019s][info ][gc] GC(183) Pause Young (Allocation Failure) 138M->137M(455M) 137.888ms
[2023-05-29T02:19:19.115+0300][53.084s][info ][gc] GC(184) Pause Young (Allocation Failure) 194M->194M(455M) 57.855ms
[2023-05-29T02:19:19.220+0300][53.188s][info ][gc] GC(185) Pause Young (Allocation Failure) 252M->252M(455M) 96.899ms
[2023-05-29T02:19:19.383+0300][53.345s][info ][gc] GC(186) Pause Young (Allocation Failure) 310M->310M(455M) 140.033ms
[2023-05-29T02:19:19.445+0300][53.409s][info ][gc] GC(187) Pause Full (Ergonomics) 310M->42M(455M) 63.656ms
[2023-05-29T02:19:19.602+0300][53.565s][info ][gc] GC(188) Pause Young (Allocation Failure) 100M->100M(455M) 148.760ms
[2023-05-29T02:19:19.820+0300][53.781s][info ][gc] GC(189) Pause Young (Allocation Failure) 157M->158M(455M) 199.760ms
[2023-05-29T02:19:19.888+0300][53.862s][info ][gc] GC(190) Pause Young (Allocation Failure) 215M->215M(455M) 73.664ms
[2023-05-29T02:19:20.140+0300][54.110s][info ][gc] GC(191) Pause Young (Allocation Failure) 271M->271M(455M) 229.380ms
[2023-05-29T02:19:20.234+0300][54.204s][info ][gc] GC(192) Pause Young (Allocation Failure) 329M->329M(455M) 88.833ms
[2023-05-29T02:19:20.344+0300][54.317s][info ][gc] GC(193) Pause Full (Ergonomics) 329M->61M(455M) 112.978ms
[2023-05-29T02:19:20.486+0300][54.460s][info ][gc] GC(194) Pause Young (Allocation Failure) 118M->119M(455M) 133.869ms
[2023-05-29T02:19:20.596+0300][54.567s][info ][gc] GC(195) Pause Young (Allocation Failure) 176M->176M(455M) 85.822ms
[2023-05-29T02:19:20.690+0300][54.661s][info ][gc] GC(196) Pause Young (Allocation Failure) 234M->234M(455M) 87.221ms
[2023-05-29T02:19:20.941+0300][54.907s][info ][gc] GC(197) Pause Young (Allocation Failure) 291M->291M(455M) 224.374ms
[2023-05-29T02:19:21.020+0300][54.995s][info ][gc] GC(198) Pause Young (Allocation Failure) 349M->349M(455M) 80.653ms
[2023-05-29T02:19:21.193+0300][55.165s][info ][gc] GC(199) Pause Full (Ergonomics) 349M->81M(455M) 170.296ms
[2023-05-29T02:19:21.272+0300][55.234s][info ][gc] GC(200) Pause Young (Allocation Failure) 137M->137M(455M) 49.368ms
[2023-05-29T02:19:21.335+0300][55.298s][info ][gc] GC(201) Pause Young (Allocation Failure) 194M->194M(455M) 57.177ms
[2023-05-29T02:19:21.429+0300][55.398s][info ][gc] GC(202) Pause Young (Allocation Failure) 252M->252M(455M) 93.039ms
[2023-05-29T02:19:21.563+0300][55.528s][info ][gc] GC(203) Pause Young (Allocation Failure) 310M->310M(455M) 112.244ms
[2023-05-29T02:19:21.626+0300][55.592s][info ][gc] GC(204) Pause Full (Ergonomics) 310M->42M(455M) 64.128ms
[2023-05-29T02:19:21.800+0300][55.766s][info ][gc] GC(205) Pause Young (Allocation Failure) 100M->100M(455M) 166.754ms
[2023-05-29T02:19:22.067+0300][56.035s][info ][gc] GC(206) Pause Young (Allocation Failure) 157M->157M(455M) 242.327ms
[2023-05-29T02:19:22.145+0300][56.111s][info ][gc] GC(207) Pause Young (Allocation Failure) 215M->215M(455M) 69.290ms
[2023-05-29T02:19:22.386+0300][56.346s][info ][gc] GC(208) Pause Young (Allocation Failure) 271M->271M(455M) 216.098ms
[2023-05-29T02:19:22.446+0300][56.406s][info ][gc] GC(209) Pause Young (Allocation Failure) 329M->329M(455M) 53.741ms
[2023-05-29T02:19:22.561+0300][56.521s][info ][gc] GC(210) Pause Full (Ergonomics) 329M->61M(455M) 115.428ms
[2023-05-29T02:19:22.704+0300][56.664s][info ][gc] GC(211) Pause Young (Allocation Failure) 118M->119M(455M) 135.088ms
[2023-05-29T02:19:22.860+0300][56.821s][info ][gc] GC(212) Pause Young (Allocation Failure) 176M->176M(455M) 138.353ms
[2023-05-29T02:19:22.953+0300][56.912s][info ][gc] GC(213) Pause Young (Allocation Failure) 233M->234M(455M) 84.358ms
[2023-05-29T02:19:23.100+0300][57.060s][info ][gc] GC(214) Pause Young (Allocation Failure) 291M->292M(455M) 130.988ms
[2023-05-29T02:19:23.192+0300][57.153s][info ][gc] GC(215) Pause Young (Allocation Failure) 349M->349M(455M) 85.357ms
[2023-05-29T02:19:23.361+0300][57.321s][info ][gc] GC(216) Pause Full (Ergonomics) 349M->81M(455M) 168.582ms
[2023-05-29T02:19:23.542+0300][57.502s][info ][gc] GC(217) Pause Young (Allocation Failure) 137M->137M(455M) 151.771ms
[2023-05-29T02:19:23.621+0300][57.581s][info ][gc] GC(218) Pause Young (Allocation Failure) 194M->194M(455M) 73.161ms
[2023-05-29T02:19:23.730+0300][57.690s][info ][gc] GC(219) Pause Young (Allocation Failure) 252M->252M(455M) 101.239ms
[2023-05-29T02:19:23.900+0300][57.860s][info ][gc] GC(220) Pause Young (Allocation Failure) 310M->310M(455M) 149.427ms
[2023-05-29T02:19:23.965+0300][57.924s][info ][gc] GC(221) Pause Full (Ergonomics) 310M->42M(455M) 63.837ms
[2023-05-29T02:19:24.064+0300][58.024s][info ][gc] GC(222) Pause Young (Allocation Failure) 100M->100M(455M) 92.803ms
[2023-05-29T02:19:24.308+0300][58.267s][info ][gc] GC(223) Pause Young (Allocation Failure) 157M->157M(455M) 213.967ms
[2023-05-29T02:19:24.396+0300][58.356s][info ][gc] GC(224) Pause Young (Allocation Failure) 215M->215M(455M) 79.494ms
[2023-05-29T02:19:24.723+0300][58.683s][info ][gc] GC(225) Pause Young (Allocation Failure) 271M->271M(455M) 303.939ms
[2023-05-29T02:19:24.802+0300][58.762s][info ][gc] GC(226) Pause Young (Allocation Failure) 329M->329M(455M) 71.505ms
[2023-05-29T02:19:24.907+0300][58.867s][info ][gc] GC(227) Pause Full (Ergonomics) 329M->61M(455M) 104.330ms
[2023-05-29T02:19:25.029+0300][58.988s][info ][gc] GC(228) Pause Young (Allocation Failure) 118M->118M(455M) 112.802ms
[2023-05-29T02:19:25.217+0300][59.178s][info ][gc] GC(229) Pause Young (Allocation Failure) 176M->176M(455M) 162.060ms
[2023-05-29T02:19:25.317+0300][59.278s][info ][gc] GC(230) Pause Young (Allocation Failure) 234M->234M(455M) 91.340ms
[2023-05-29T02:19:25.523+0300][59.483s][info ][gc] GC(231) Pause Young (Allocation Failure) 291M->291M(455M) 174.131ms
[2023-05-29T02:19:25.614+0300][59.574s][info ][gc] GC(232) Pause Young (Allocation Failure) 349M->349M(455M) 82.709ms
[2023-05-29T02:19:25.781+0300][59.741s][info ][gc] GC(233) Pause Full (Ergonomics) 349M->81M(455M) 167.312ms
[2023-05-29T02:19:25.869+0300][59.828s][info ][gc] GC(234) Pause Young (Allocation Failure) 137M->137M(455M) 54.825ms
[2023-05-29T02:19:25.936+0300][59.896s][info ][gc] GC(235) Pause Young (Allocation Failure) 194M->194M(455M) 60.292ms
[2023-05-29T02:19:26.057+0300][60.018s][info ][gc] GC(236) Pause Young (Allocation Failure) 252M->252M(455M) 113.054ms
[2023-05-29T02:19:26.304+0300][60.264s][info ][gc] GC(237) Pause Young (Allocation Failure) 310M->310M(455M) 220.015ms
[2023-05-29T02:19:26.365+0300][60.325s][info ][gc] GC(238) Pause Full (Ergonomics) 310M->42M(455M) 61.576ms
[2023-05-29T02:19:26.534+0300][60.494s][info ][gc] GC(239) Pause Young (Allocation Failure) 100M->100M(455M) 159.816ms
[2023-05-29T02:19:26.764+0300][60.723s][info ][gc] GC(240) Pause Young (Allocation Failure) 157M->158M(455M) 202.826ms
[2023-05-29T02:19:26.849+0300][60.808s][info ][gc] GC(241) Pause Young (Allocation Failure) 215M->215M(455M) 75.976ms
[2023-05-29T02:19:27.209+0300][61.169s][info ][gc] GC(242) Pause Young (Allocation Failure) 271M->272M(455M) 336.324ms
[2023-05-29T02:19:27.286+0300][61.246s][info ][gc] GC(243) Pause Young (Allocation Failure) 329M->329M(455M) 69.711ms
[2023-05-29T02:19:27.403+0300][61.363s][info ][gc] GC(244) Pause Full (Ergonomics) 329M->61M(455M) 116.437ms
[2023-05-29T02:19:27.557+0300][61.517s][info ][gc] GC(245) Pause Young (Allocation Failure) 118M->119M(455M) 145.512ms
[2023-05-29T02:19:27.699+0300][61.666s][info ][gc] GC(246) Pause Young (Allocation Failure) 176M->176M(455M) 129.733ms
[2023-05-29T02:19:27.799+0300][61.761s][info ][gc] GC(247) Pause Young (Allocation Failure) 234M->234M(455M) 85.982ms
[2023-05-29T02:19:28.009+0300][61.968s][info ][gc] GC(248) Pause Young (Allocation Failure) 291M->291M(455M) 189.480ms
[2023-05-29T02:19:28.101+0300][62.065s][info ][gc] GC(249) Pause Young (Allocation Failure) 349M->349M(455M) 87.904ms
[2023-05-29T02:19:28.279+0300][62.240s][info ][gc] GC(250) Pause Full (Ergonomics) 349M->81M(455M) 175.610ms
[2023-05-29T02:19:28.459+0300][62.422s][info ][gc] GC(251) Pause Young (Allocation Failure) 137M->137M(455M) 155.598ms
[2023-05-29T02:19:28.519+0300][62.483s][info ][gc] GC(252) Pause Young (Allocation Failure) 194M->194M(455M) 54.058ms
[2023-05-29T02:19:28.629+0300][62.593s][info ][gc] GC(253) Pause Young (Allocation Failure) 252M->252M(455M) 101.564ms
[2023-05-29T02:19:28.769+0300][62.732s][info ][gc] GC(254) Pause Young (Allocation Failure) 310M->310M(455M) 121.290ms
[2023-05-29T02:19:28.839+0300][62.800s][info ][gc] GC(255) Pause Full (Ergonomics) 310M->42M(455M) 67.852ms
[2023-05-29T02:19:28.949+0300][62.912s][info ][gc] GC(256) Pause Young (Allocation Failure) 99M->99M(455M) 102.461ms
[2023-05-29T02:19:29.264+0300][63.226s][info ][gc] GC(257) Pause Young (Allocation Failure) 157M->157M(455M) 296.452ms
[2023-05-29T02:19:29.349+0300][63.309s][info ][gc] GC(258) Pause Young (Allocation Failure) 215M->215M(455M) 74.751ms
[2023-05-29T02:19:29.570+0300][63.530s][info ][gc] GC(259) Pause Young (Allocation Failure) 271M->271M(455M) 201.769ms
[2023-05-29T02:19:29.635+0300][63.595s][info ][gc] GC(260) Pause Young (Allocation Failure) 329M->329M(455M) 57.115ms
[2023-05-29T02:19:29.750+0300][63.716s][info ][gc] GC(261) Pause Full (Ergonomics) 329M->61M(455M) 120.714ms
[2023-05-29T02:19:29.899+0300][63.868s][info ][gc] GC(262) Pause Young (Allocation Failure) 118M->118M(455M) 143.686ms
[2023-05-29T02:19:30.039+0300][63.998s][info ][gc] GC(263) Pause Young (Allocation Failure) 176M->176M(455M) 109.354ms
[2023-05-29T02:19:30.132+0300][64.094s][info ][gc] GC(264) Pause Young (Allocation Failure) 234M->234M(455M) 87.305ms
[2023-05-29T02:19:30.349+0300][64.310s][info ][gc] GC(265) Pause Young (Allocation Failure) 291M->292M(455M) 185.461ms
[2023-05-29T02:19:30.435+0300][64.398s][info ][gc] GC(266) Pause Young (Allocation Failure) 349M->349M(455M) 79.493ms
[2023-05-29T02:19:30.613+0300][64.577s][info ][gc] GC(267) Pause Full (Ergonomics) 349M->81M(455M) 178.608ms
[2023-05-29T02:19:30.789+0300][64.758s][info ][gc] GC(268) Pause Young (Allocation Failure) 137M->137M(455M) 158.160ms
[2023-05-29T02:19:30.879+0300][64.844s][info ][gc] GC(269) Pause Young (Allocation Failure) 194M->194M(455M) 79.155ms
[2023-05-29T02:19:30.994+0300][64.958s][info ][gc] GC(270) Pause Young (Allocation Failure) 252M->252M(455M) 105.373ms
[2023-05-29T02:19:31.179+0300][65.139s][info ][gc] GC(271) Pause Young (Allocation Failure) 309M->310M(455M) 153.979ms
[2023-05-29T02:19:31.244+0300][65.207s][info ][gc] GC(272) Pause Full (Ergonomics) 310M->42M(455M) 67.607ms
[2023-05-29T02:19:31.386+0300][65.347s][info ][gc] GC(273) Pause Young (Allocation Failure) 100M->100M(455M) 131.922ms
[2023-05-29T02:19:31.584+0300][65.544s][info ][gc] GC(274) Pause Young (Allocation Failure) 157M->157M(455M) 179.256ms
[2023-05-29T02:19:31.669+0300][65.630s][info ][gc] GC(275) Pause Young (Allocation Failure) 215M->215M(455M) 77.679ms
[2023-05-29T02:19:31.961+0300][65.923s][info ][gc] GC(276) Pause Young (Allocation Failure) 271M->271M(455M) 273.117ms
[2023-05-29T02:19:32.029+0300][65.997s][info ][gc] GC(277) Pause Young (Allocation Failure) 329M->329M(455M) 67.481ms
[2023-05-29T02:19:32.152+0300][66.118s][info ][gc] GC(278) Pause Full (Ergonomics) 329M->61M(455M) 120.354ms
[2023-05-29T02:19:32.319+0300][66.280s][info ][gc] GC(279) Pause Young (Allocation Failure) 118M->118M(455M) 153.447ms
[2023-05-29T02:19:32.489+0300][66.452s][info ][gc] GC(280) Pause Young (Allocation Failure) 176M->176M(455M) 146.934ms
[2023-05-29T02:19:32.574+0300][66.537s][info ][gc] GC(281) Pause Young (Allocation Failure) 233M->234M(455M) 75.690ms
[2023-05-29T02:19:32.755+0300][66.715s][info ][gc] GC(282) Pause Young (Allocation Failure) 291M->291M(455M) 158.303ms
[2023-05-29T02:19:32.839+0300][66.799s][info ][gc] GC(283) Pause Young (Allocation Failure) 349M->349M(455M) 75.686ms
[2023-05-29T02:19:33.009+0300][66.968s][info ][gc] GC(284) Pause Full (Ergonomics) 349M->80M(455M) 169.022ms
[2023-05-29T02:19:33.075+0300][67.036s][info ][gc] GC(285) Pause Young (Allocation Failure) 137M->137M(455M) 49.371ms
[2023-05-29T02:19:33.145+0300][67.105s][info ][gc] GC(286) Pause Young (Allocation Failure) 194M->194M(455M) 61.431ms
[2023-05-29T02:19:33.250+0300][67.214s][info ][gc] GC(287) Pause Young (Allocation Failure) 252M->252M(455M) 100.685ms
[2023-05-29T02:19:33.409+0300][67.372s][info ][gc] GC(288) Pause Young (Allocation Failure) 310M->310M(455M) 138.832ms
[2023-05-29T02:19:33.479+0300][67.440s][info ][gc] GC(289) Pause Full (Ergonomics) 310M->42M(455M) 68.299ms
[2023-05-29T02:19:33.665+0300][67.625s][info ][gc] GC(290) Pause Young (Allocation Failure) 100M->100M(455M) 176.966ms
[2023-05-29T02:19:33.929+0300][67.892s][info ][gc] GC(291) Pause Young (Allocation Failure) 157M->158M(455M) 247.272ms
[2023-05-29T02:19:34.009+0300][67.973s][info ][gc] GC(292) Pause Young (Allocation Failure) 215M->215M(455M) 73.243ms
[2023-05-29T02:19:34.279+0300][68.245s][info ][gc] GC(293) Pause Young (Allocation Failure) 271M->271M(455M) 252.538ms
[2023-05-29T02:19:34.352+0300][68.311s][info ][gc] GC(294) Pause Young (Allocation Failure) 329M->329M(455M) 57.957ms
[2023-05-29T02:19:34.469+0300][68.429s][info ][gc] GC(295) Pause Full (Ergonomics) 329M->61M(455M) 118.546ms
[2023-05-29T02:19:34.573+0300][68.534s][info ][gc] GC(296) Pause Young (Allocation Failure) 118M->119M(455M) 96.017ms
[2023-05-29T02:19:34.709+0300][68.674s][info ][gc] GC(297) Pause Young (Allocation Failure) 176M->176M(455M) 121.404ms
[2023-05-29T02:19:34.799+0300][68.763s][info ][gc] GC(298) Pause Young (Allocation Failure) 234M->234M(455M) 80.056ms
[2023-05-29T02:19:35.115+0300][69.077s][info ][gc] GC(299) Pause Young (Allocation Failure) 291M->291M(455M) 288.915ms
[2023-05-29T02:19:35.204+0300][69.168s][info ][gc] GC(300) Pause Young (Allocation Failure) 349M->349M(455M) 82.363ms
[2023-05-29T02:19:35.379+0300][69.338s][info ][gc] GC(301) Pause Full (Ergonomics) 349M->81M(455M) 170.057ms
[2023-05-29T02:19:35.450+0300][69.413s][info ][gc] GC(302) Pause Young (Allocation Failure) 137M->137M(455M) 54.065ms
[2023-05-29T02:19:35.559+0300][69.521s][info ][gc] GC(303) Pause Young (Allocation Failure) 194M->194M(455M) 101.525ms
[2023-05-29T02:19:35.669+0300][69.631s][info ][gc] GC(304) Pause Young (Allocation Failure) 252M->252M(455M) 100.643ms
[2023-05-29T02:19:35.790+0300][69.750s][info ][gc] GC(305) Pause Young (Allocation Failure) 310M->310M(455M) 100.973ms
[2023-05-29T02:19:35.855+0300][69.814s][info ][gc] GC(306) Pause Full (Ergonomics) 310M->42M(455M) 64.582ms
[2023-05-29T02:19:35.971+0300][69.933s][info ][gc] GC(307) Pause Young (Allocation Failure) 100M->100M(455M) 108.831ms
[2023-05-29T02:19:36.250+0300][70.215s][info ][gc] GC(308) Pause Young (Allocation Failure) 157M->157M(455M) 251.469ms
[2023-05-29T02:19:36.344+0300][70.306s][info ][gc] GC(309) Pause Young (Allocation Failure) 215M->215M(455M) 82.088ms
[2023-05-29T02:19:36.719+0300][70.683s][info ][gc] GC(310) Pause Young (Allocation Failure) 271M->271M(455M) 356.255ms
[2023-05-29T02:19:36.789+0300][70.751s][info ][gc] GC(311) Pause Young (Allocation Failure) 329M->329M(455M) 60.477ms
[2023-05-29T02:19:36.907+0300][70.866s][info ][gc] GC(312) Pause Full (Ergonomics) 329M->61M(455M) 115.424ms
[2023-05-29T02:19:37.029+0300][70.990s][info ][gc] GC(313) Pause Young (Allocation Failure) 118M->118M(455M) 116.654ms
[2023-05-29T02:19:37.228+0300][71.187s][info ][gc] GC(314) Pause Young (Allocation Failure) 176M->176M(455M) 170.947ms
[2023-05-29T02:19:37.323+0300][71.286s][info ][gc] GC(315) Pause Young (Allocation Failure) 234M->234M(455M) 90.107ms
[2023-05-29T02:19:37.641+0300][71.604s][info ][gc] GC(316) Pause Young (Allocation Failure) 291M->291M(455M) 300.048ms
[2023-05-29T02:19:37.748+0300][71.707s][info ][gc] GC(317) Pause Young (Allocation Failure) 349M->349M(455M) 94.676ms
[2023-05-29T02:19:37.927+0300][71.887s][info ][gc] GC(318) Pause Full (Ergonomics) 349M->81M(455M) 180.566ms
[2023-05-29T02:19:38.026+0300][71.997s][info ][gc] GC(319) Pause Young (Allocation Failure) 137M->137M(455M) 91.370ms
[2023-05-29T02:19:38.089+0300][72.057s][info ][gc] GC(320) Pause Young (Allocation Failure) 194M->194M(455M) 54.087ms
[2023-05-29T02:19:38.200+0300][72.166s][info ][gc] GC(321) Pause Young (Allocation Failure) 252M->252M(455M) 101.588ms
[2023-05-29T02:19:38.331+0300][72.299s][info ][gc] GC(322) Pause Young (Allocation Failure) 310M->310M(455M) 114.299ms
[2023-05-29T02:19:38.410+0300][72.370s][info ][gc] GC(323) Pause Full (Ergonomics) 310M->42M(455M) 71.042ms
[2023-05-29T02:19:38.584+0300][72.546s][info ][gc] GC(324) Pause Young (Allocation Failure) 100M->100M(455M) 168.276ms
[2023-05-29T02:19:38.761+0300][72.727s][info ][gc] GC(325) Pause Young (Allocation Failure) 157M->158M(455M) 162.413ms
[2023-05-29T02:19:38.840+0300][72.804s][info ][gc] GC(326) Pause Young (Allocation Failure) 215M->215M(455M) 69.977ms
[2023-05-29T02:19:39.187+0300][73.151s][info ][gc] GC(327) Pause Young (Allocation Failure) 271M->271M(455M) 321.066ms
[2023-05-29T02:19:39.265+0300][73.232s][info ][gc] GC(328) Pause Young (Allocation Failure) 329M->329M(455M) 74.362ms
[2023-05-29T02:19:39.386+0300][73.345s][info ][gc] GC(329) Pause Full (Ergonomics) 329M->61M(455M) 113.292ms
[2023-05-29T02:19:39.496+0300][73.459s][info ][gc] GC(330) Pause Young (Allocation Failure) 118M->119M(455M) 105.877ms
[2023-05-29T02:19:39.753+0300][73.721s][info ][gc] GC(331) Pause Young (Allocation Failure) 176M->176M(455M) 241.049ms
[2023-05-29T02:19:39.847+0300][73.819s][info ][gc] GC(332) Pause Young (Allocation Failure) 234M->234M(455M) 89.338ms
[2023-05-29T02:19:40.083+0300][74.046s][info ][gc] GC(333) Pause Young (Allocation Failure) 291M->291M(455M) 206.148ms
[2023-05-29T02:19:40.177+0300][74.136s][info ][gc] GC(334) Pause Young (Allocation Failure) 349M->349M(455M) 83.969ms
[2023-05-29T02:19:40.350+0300][74.314s][info ][gc] GC(335) Pause Full (Ergonomics) 349M->81M(455M) 177.525ms
[2023-05-29T02:19:40.461+0300][74.432s][info ][gc] GC(336) Pause Young (Allocation Failure) 137M->137M(455M) 90.440ms
[2023-05-29T02:19:40.555+0300][74.518s][info ][gc] GC(337) Pause Young (Allocation Failure) 194M->194M(455M) 79.722ms
[2023-05-29T02:19:40.664+0300][74.633s][info ][gc] GC(338) Pause Young (Allocation Failure) 252M->252M(455M) 107.380ms
[2023-05-29T02:19:40.800+0300][74.768s][info ][gc] GC(339) Pause Young (Allocation Failure) 310M->310M(455M) 116.772ms
[2023-05-29T02:19:40.862+0300][74.830s][info ][gc] GC(340) Pause Full (Ergonomics) 310M->42M(455M) 62.406ms
[2023-05-29T02:19:40.989+0300][74.949s][info ][gc] GC(341) Pause Young (Allocation Failure) 100M->100M(455M) 111.457ms
[2023-05-29T02:19:41.211+0300][75.183s][info ][gc] GC(342) Pause Young (Allocation Failure) 157M->157M(455M) 215.987ms
[2023-05-29T02:19:41.305+0300][75.271s][info ][gc] GC(343) Pause Young (Allocation Failure) 215M->215M(455M) 80.049ms
[2023-05-29T02:19:41.542+0300][75.510s][info ][gc] GC(344) Pause Young (Allocation Failure) 271M->271M(455M) 214.566ms
[2023-05-29T02:19:41.637+0300][75.599s][info ][gc] GC(345) Pause Young (Allocation Failure) 329M->329M(455M) 82.428ms
[2023-05-29T02:19:41.763+0300][75.724s][info ][gc] GC(346) Pause Full (Ergonomics) 329M->61M(455M) 124.314ms
[2023-05-29T02:19:41.889+0300][75.848s][info ][gc] GC(347) Pause Young (Allocation Failure) 118M->119M(455M) 114.883ms
[2023-05-29T02:19:42.047+0300][76.014s][info ][gc] GC(348) Pause Young (Allocation Failure) 176M->176M(455M) 146.958ms
[2023-05-29T02:19:42.142+0300][76.109s][info ][gc] GC(349) Pause Young (Allocation Failure) 234M->234M(455M) 86.999ms
[2023-05-29T02:19:42.307+0300][76.268s][info ][gc] GC(350) Pause Young (Allocation Failure) 291M->291M(455M) 142.267ms
[2023-05-29T02:19:42.401+0300][76.365s][info ][gc] GC(351) Pause Young (Allocation Failure) 349M->349M(455M) 89.770ms
[2023-05-29T02:19:42.573+0300][76.540s][info ][gc] GC(352) Pause Full (Ergonomics) 349M->81M(455M) 174.743ms
[2023-05-29T02:19:42.646+0300][76.611s][info ][gc] GC(353) Pause Young (Allocation Failure) 137M->137M(455M) 53.679ms
[2023-05-29T02:19:42.709+0300][76.682s][info ][gc] GC(354) Pause Young (Allocation Failure) 194M->194M(455M) 64.814ms
[2023-05-29T02:19:42.834+0300][76.802s][info ][gc] GC(355) Pause Young (Allocation Failure) 252M->252M(455M) 112.310ms
[2023-05-29T02:19:42.944+0300][76.907s][info ][gc] GC(356) Pause Young (Allocation Failure) 310M->310M(455M) 78.638ms
[2023-05-29T02:19:43.008+0300][76.970s][info ][gc] GC(357) Pause Full (Ergonomics) 310M->42M(455M) 62.974ms
[2023-05-29T02:19:43.102+0300][77.063s][info ][gc] GC(358) Pause Young (Allocation Failure) 100M->100M(455M) 84.660ms
[2023-05-29T02:19:43.262+0300][77.228s][info ][gc] GC(359) Pause Young (Allocation Failure) 157M->157M(455M) 147.068ms
[2023-05-29T02:19:43.360+0300][77.319s][info ][gc] GC(360) Pause Young (Allocation Failure) 215M->215M(455M) 81.844ms
[2023-05-29T02:19:43.639+0300][77.599s][info ][gc] GC(361) Pause Young (Allocation Failure) 271M->271M(455M) 252.204ms
[2023-05-29T02:19:43.709+0300][77.667s][info ][gc] GC(362) Pause Young (Allocation Failure) 329M->329M(455M) 62.631ms
[2023-05-29T02:19:43.834+0300][77.792s][info ][gc] GC(363) Pause Full (Ergonomics) 329M->61M(455M) 124.762ms
[2023-05-29T02:19:43.947+0300][77.907s][info ][gc] GC(364) Pause Young (Allocation Failure) 118M->118M(455M) 107.065ms
[2023-05-29T02:19:44.070+0300][78.029s][info ][gc] GC(365) Pause Young (Allocation Failure) 176M->176M(455M) 99.562ms
[2023-05-29T02:19:44.172+0300][78.131s][info ][gc] GC(366) Pause Young (Allocation Failure) 233M->234M(455M) 94.165ms
[2023-05-29T02:19:44.317+0300][78.276s][info ][gc] GC(367) Pause Young (Allocation Failure) 291M->291M(455M) 114.328ms
[2023-05-29T02:19:44.409+0300][78.367s][info ][gc] GC(368) Pause Young (Allocation Failure) 349M->349M(455M) 83.874ms
[2023-05-29T02:19:44.590+0300][78.548s][info ][gc] GC(369) Pause Full (Ergonomics) 349M->81M(455M) 180.874ms
[2023-05-29T02:19:44.666+0300][78.624s][info ][gc] GC(370) Pause Young (Allocation Failure) 137M->137M(455M) 54.808ms
[2023-05-29T02:19:44.750+0300][78.709s][info ][gc] GC(371) Pause Young (Allocation Failure) 194M->194M(455M) 77.784ms
[2023-05-29T02:19:44.867+0300][78.826s][info ][gc] GC(372) Pause Young (Allocation Failure) 252M->252M(455M) 108.966ms
[2023-05-29T02:19:45.027+0300][78.985s][info ][gc] GC(373) Pause Young (Allocation Failure) 310M->310M(455M) 128.612ms
[2023-05-29T02:19:45.098+0300][79.057s][info ][gc] GC(374) Pause Full (Ergonomics) 310M->42M(455M) 71.313ms
[2023-05-29T02:19:45.194+0300][79.154s][info ][gc] GC(375) Pause Young (Allocation Failure) 99M->99M(455M) 89.271ms
[2023-05-29T02:19:45.383+0300][79.342s][info ][gc] GC(376) Pause Young (Allocation Failure) 157M->157M(455M) 159.743ms
[2023-05-29T02:19:45.476+0300][79.435s][info ][gc] GC(377) Pause Young (Allocation Failure) 215M->215M(455M) 85.694ms
[2023-05-29T02:19:45.674+0300][79.633s][info ][gc] GC(378) Pause Young (Allocation Failure) 271M->271M(455M) 168.469ms
[2023-05-29T02:19:45.746+0300][79.704s][info ][gc] GC(379) Pause Young (Allocation Failure) 329M->329M(455M) 65.111ms
[2023-05-29T02:19:45.872+0300][79.831s][info ][gc] GC(380) Pause Full (Ergonomics) 329M->61M(455M) 126.164ms
[2023-05-29T02:19:45.981+0300][79.939s][info ][gc] GC(381) Pause Young (Allocation Failure) 118M->118M(455M) 99.620ms
[2023-05-29T02:19:46.098+0300][80.056s][info ][gc] GC(382) Pause Young (Allocation Failure) 176M->176M(455M) 99.036ms
[2023-05-29T02:19:46.192+0300][80.150s][info ][gc] GC(383) Pause Young (Allocation Failure) 234M->234M(455M) 86.541ms
[2023-05-29T02:19:46.367+0300][80.326s][info ][gc] GC(384) Pause Young (Allocation Failure) 272M->271M(455M) 153.123ms
[2023-05-29T02:19:46.422+0300][80.381s][info ][gc] GC(385) Pause Young (Allocation Failure) 329M->329M(455M) 48.320ms
[2023-05-29T02:19:46.550+0300][80.509s][info ][gc] GC(386) Pause Full (Ergonomics) 329M->61M(455M) 127.705ms
[2023-05-29T02:19:46.642+0300][80.601s][info ][gc] GC(387) Pause Young (Allocation Failure) 118M->119M(455M) 85.398ms
[2023-05-29T02:19:46.763+0300][80.721s][info ][gc] GC(388) Pause Young (Allocation Failure) 176M->176M(455M) 88.028ms
[2023-05-29T02:19:46.875+0300][80.834s][info ][gc] GC(389) Pause Young (Allocation Failure) 234M->234M(455M) 105.964ms
[2023-05-29T02:19:47.063+0300][81.021s][info ][gc] GC(390) Pause Young (Allocation Failure) 291M->291M(455M) 157.424ms
[2023-05-29T02:19:47.147+0300][81.106s][info ][gc] GC(391) Pause Young (Allocation Failure) 349M->349M(455M) 77.163ms
[2023-05-29T02:19:47.335+0300][81.294s][info ][gc] GC(392) Pause Full (Ergonomics) 349M->81M(455M) 188.072ms
[2023-05-29T02:19:47.557+0300][81.516s][info ][gc] GC(393) Pause Young (Allocation Failure) 137M->137M(455M) 198.209ms
[2023-05-29T02:19:47.631+0300][81.590s][info ][gc] GC(394) Pause Young (Allocation Failure) 194M->194M(455M) 66.074ms
[2023-05-29T02:19:47.748+0300][81.707s][info ][gc] GC(395) Pause Young (Allocation Failure) 252M->252M(455M) 108.570ms
[2023-05-29T02:19:47.907+0300][81.866s][info ][gc] GC(396) Pause Young (Allocation Failure) 310M->310M(455M) 136.010ms
[2023-05-29T02:19:47.971+0300][81.930s][info ][gc] GC(397) Pause Full (Ergonomics) 310M->42M(455M) 64.031ms
[2023-05-29T02:19:48.101+0300][82.059s][info ][gc] GC(398) Pause Young (Allocation Failure) 100M->100M(455M) 121.414ms
[2023-05-29T02:19:48.416+0300][82.374s][info ][gc] GC(399) Pause Young (Allocation Failure) 157M->158M(455M) 283.861ms
[2023-05-29T02:19:48.514+0300][82.473s][info ][gc] GC(400) Pause Young (Allocation Failure) 215M->215M(455M) 90.604ms
[2023-05-29T02:19:48.679+0300][82.638s][info ][gc] GC(401) Pause Young (Allocation Failure) 271M->271M(455M) 140.693ms
[2023-05-29T02:19:48.760+0300][82.718s][info ][gc] GC(402) Pause Young (Allocation Failure) 329M->329M(455M) 72.797ms
[2023-05-29T02:19:48.887+0300][82.846s][info ][gc] GC(403) Pause Full (Ergonomics) 329M->61M(455M) 127.761ms
[2023-05-29T02:19:49.025+0300][82.983s][info ][gc] GC(404) Pause Young (Allocation Failure) 118M->118M(455M) 128.498ms
[2023-05-29T02:19:49.161+0300][83.120s][info ][gc] GC(405) Pause Young (Allocation Failure) 176M->176M(455M) 120.220ms
[2023-05-29T02:19:49.262+0300][83.221s][info ][gc] GC(406) Pause Young (Allocation Failure) 233M->234M(455M) 92.175ms
[2023-05-29T02:19:49.445+0300][83.403s][info ][gc] GC(407) Pause Young (Allocation Failure) 291M->291M(455M) 156.752ms
[2023-05-29T02:19:49.541+0300][83.499s][info ][gc] GC(408) Pause Young (Allocation Failure) 349M->349M(455M) 86.505ms
[2023-05-29T02:19:49.731+0300][83.689s][info ][gc] GC(409) Pause Full (Ergonomics) 349M->81M(455M) 189.981ms
[2023-05-29T02:19:49.857+0300][83.815s][info ][gc] GC(410) Pause Young (Allocation Failure) 137M->137M(455M) 106.899ms
[2023-05-29T02:19:49.930+0300][83.889s][info ][gc] GC(411) Pause Young (Allocation Failure) 194M->194M(455M) 65.306ms
[2023-05-29T02:19:50.048+0300][84.006s][info ][gc] GC(412) Pause Young (Allocation Failure) 252M->252M(455M) 107.814ms
[2023-05-29T02:19:50.173+0300][84.132s][info ][gc] GC(413) Pause Young (Allocation Failure) 309M->310M(455M) 104.187ms
[2023-05-29T02:19:50.240+0300][84.198s][info ][gc] GC(414) Pause Full (Ergonomics) 310M->42M(455M) 66.749ms
[2023-05-29T02:19:50.359+0300][84.317s][info ][gc] GC(415) Pause Young (Allocation Failure) 100M->100M(455M) 110.358ms
[2023-05-29T02:19:50.594+0300][84.553s][info ][gc] GC(416) Pause Young (Allocation Failure) 157M->158M(455M) 216.666ms
[2023-05-29T02:19:50.683+0300][84.642s][info ][gc] GC(417) Pause Young (Allocation Failure) 215M->215M(455M) 80.719ms
[2023-05-29T02:19:50.890+0300][84.848s][info ][gc] GC(418) Pause Young (Allocation Failure) 271M->271M(455M) 182.869ms
[2023-05-29T02:19:50.962+0300][84.921s][info ][gc] GC(419) Pause Young (Allocation Failure) 329M->329M(455M) 64.774ms
[2023-05-29T02:19:51.087+0300][85.046s][info ][gc] GC(420) Pause Full (Ergonomics) 329M->61M(455M) 124.816ms
[2023-05-29T02:19:51.199+0300][85.157s][info ][gc] GC(421) Pause Young (Allocation Failure) 118M->118M(455M) 102.714ms
[2023-05-29T02:19:51.409+0300][85.367s][info ][gc] GC(422) Pause Young (Allocation Failure) 176M->176M(455M) 185.069ms
[2023-05-29T02:19:51.511+0300][85.469s][info ][gc] GC(423) Pause Young (Allocation Failure) 234M->234M(455M) 93.326ms
[2023-05-29T02:19:51.728+0300][85.687s][info ][gc] GC(424) Pause Young (Allocation Failure) 291M->291M(455M) 195.633ms
[2023-05-29T02:19:51.833+0300][85.791s][info ][gc] GC(425) Pause Young (Allocation Failure) 349M->349M(455M) 95.282ms
[2023-05-29T02:19:52.021+0300][85.979s][info ][gc] GC(426) Pause Full (Ergonomics) 349M->81M(455M) 187.650ms
[2023-05-29T02:19:52.228+0300][86.186s][info ][gc] GC(427) Pause Young (Allocation Failure) 137M->137M(455M) 181.937ms
[2023-05-29T02:19:52.316+0300][86.274s][info ][gc] GC(428) Pause Young (Allocation Failure) 194M->194M(455M) 79.952ms
[2023-05-29T02:19:52.437+0300][86.395s][info ][gc] GC(429) Pause Young (Allocation Failure) 252M->252M(455M) 112.447ms
[2023-05-29T02:19:52.573+0300][86.531s][info ][gc] GC(430) Pause Young (Allocation Failure) 310M->310M(455M) 117.280ms
[2023-05-29T02:19:52.635+0300][86.596s][info ][gc] GC(431) Pause Full (Ergonomics) 310M->42M(455M) 64.948ms
[2023-05-29T02:19:52.835+0300][86.802s][info ][gc] GC(432) Pause Young (Allocation Failure) 100M->100M(455M) 197.643ms
[2023-05-29T02:19:53.101+0300][87.061s][info ][gc] GC(433) Pause Young (Allocation Failure) 157M->158M(455M) 238.530ms
[2023-05-29T02:19:53.197+0300][87.156s][info ][gc] GC(434) Pause Young (Allocation Failure) 215M->215M(455M) 85.632ms
[2023-05-29T02:19:53.485+0300][87.452s][info ][gc] GC(435) Pause Young (Allocation Failure) 271M->271M(455M) 265.616ms
[2023-05-29T02:19:53.595+0300][87.559s][info ][gc] GC(436) Pause Young (Allocation Failure) 329M->329M(455M) 99.344ms
[2023-05-29T02:19:53.725+0300][87.687s][info ][gc] GC(437) Pause Full (Ergonomics) 329M->61M(455M) 127.525ms
[2023-05-29T02:19:53.835+0300][87.799s][info ][gc] GC(438) Pause Young (Allocation Failure) 118M->119M(455M) 104.362ms
[2023-05-29T02:19:53.980+0300][87.941s][info ][gc] GC(439) Pause Young (Allocation Failure) 176M->176M(455M) 122.590ms
[2023-05-29T02:19:54.080+0300][88.042s][info ][gc] GC(440) Pause Young (Allocation Failure) 234M->234M(455M) 92.299ms
[2023-05-29T02:19:54.317+0300][88.279s][info ][gc] GC(441) Pause Young (Allocation Failure) 291M->292M(455M) 208.014ms
[2023-05-29T02:19:54.425+0300][88.383s][info ][gc] GC(442) Pause Young (Allocation Failure) 349M->349M(455M) 96.069ms
[2023-05-29T02:19:54.627+0300][88.587s][info ][gc] GC(443) Pause Full (Ergonomics) 349M->81M(455M) 203.733ms
[2023-05-29T02:19:54.780+0300][88.742s][info ][gc] GC(444) Pause Young (Allocation Failure) 137M->137M(455M) 136.147ms
[2023-05-29T02:19:54.855+0300][88.823s][info ][gc] GC(445) Pause Young (Allocation Failure) 194M->194M(455M) 72.495ms
[2023-05-29T02:19:54.981+0300][88.942s][info ][gc] GC(446) Pause Young (Allocation Failure) 252M->252M(455M) 110.558ms
[2023-05-29T02:19:55.107+0300][89.065s][info ][gc] GC(447) Pause Young (Allocation Failure) 309M->310M(455M) 106.085ms
[2023-05-29T02:19:55.176+0300][89.137s][info ][gc] GC(448) Pause Full (Ergonomics) 310M->42M(455M) 71.401ms
[2023-05-29T02:19:55.281+0300][89.238s][info ][gc] GC(449) Pause Young (Allocation Failure) 100M->100M(455M) 92.731ms
[2023-05-29T02:19:55.736+0300][89.699s][info ][gc] GC(450) Pause Young (Allocation Failure) 157M->157M(455M) 440.833ms
[2023-05-29T02:19:55.825+0300][89.791s][info ][gc] GC(451) Pause Young (Allocation Failure) 215M->215M(455M) 83.165ms
[2023-05-29T02:19:56.060+0300][90.020s][info ][gc] GC(452) Pause Young (Allocation Failure) 271M->272M(455M) 207.110ms
[2023-05-29T02:19:56.135+0300][90.094s][info ][gc] GC(453) Pause Young (Allocation Failure) 329M->329M(455M) 67.136ms
[2023-05-29T02:19:56.255+0300][90.216s][info ][gc] GC(454) Pause Full (Ergonomics) 329M->61M(455M) 122.012ms
[2023-05-29T02:19:56.366+0300][90.327s][info ][gc] GC(455) Pause Young (Allocation Failure) 118M->118M(455M) 102.374ms
[2023-05-29T02:19:56.537+0300][90.495s][info ][gc] GC(456) Pause Young (Allocation Failure) 176M->176M(455M) 148.878ms
[2023-05-29T02:19:56.625+0300][90.592s][info ][gc] GC(457) Pause Young (Allocation Failure) 234M->234M(455M) 88.101ms
[2023-05-29T02:19:56.936+0300][90.896s][info ][gc] GC(458) Pause Young (Allocation Failure) 291M->292M(455M) 283.249ms
[2023-05-29T02:19:57.025+0300][90.986s][info ][gc] GC(459) Pause Young (Allocation Failure) 349M->349M(455M) 80.950ms
[2023-05-29T02:19:57.215+0300][91.174s][info ][gc] GC(460) Pause Full (Ergonomics) 349M->81M(455M) 187.930ms
[2023-05-29T02:19:57.447+0300][91.412s][info ][gc] GC(461) Pause Young (Allocation Failure) 137M->137M(455M) 212.600ms
[2023-05-29T02:19:57.535+0300][91.497s][info ][gc] GC(462) Pause Young (Allocation Failure) 194M->194M(455M) 78.242ms
[2023-05-29T02:19:57.645+0300][91.610s][info ][gc] GC(463) Pause Young (Allocation Failure) 252M->252M(455M) 103.116ms
[2023-05-29T02:19:57.775+0300][91.733s][info ][gc] GC(464) Pause Young (Allocation Failure) 310M->310M(455M) 105.380ms
[2023-05-29T02:19:57.845+0300][91.804s][info ][gc] GC(465) Pause Full (Ergonomics) 310M->42M(455M) 70.341ms
[2023-05-29T02:19:58.001+0300][91.958s][info ][gc] GC(466) Pause Young (Allocation Failure) 100M->100M(455M) 145.454ms
[2023-05-29T02:19:58.186+0300][92.145s][info ][gc] GC(467) Pause Young (Allocation Failure) 157M->158M(455M) 168.452ms
[2023-05-29T02:19:58.275+0300][92.239s][info ][gc] GC(468) Pause Young (Allocation Failure) 215M->215M(455M) 85.768ms
[2023-05-29T02:19:58.605+0300][92.563s][info ][gc] GC(469) Pause Young (Allocation Failure) 271M->272M(455M) 301.305ms
[2023-05-29T02:19:58.685+0300][92.645s][info ][gc] GC(470) Pause Young (Allocation Failure) 329M->329M(455M) 74.494ms
[2023-05-29T02:19:58.816+0300][92.774s][info ][gc] GC(471) Pause Full (Ergonomics) 329M->61M(455M) 128.864ms
[2023-05-29T02:19:58.936+0300][92.896s][info ][gc] GC(472) Pause Young (Allocation Failure) 118M->119M(455M) 113.665ms
[2023-05-29T02:19:59.106+0300][93.064s][info ][gc] GC(473) Pause Young (Allocation Failure) 176M->176M(455M) 149.159ms
[2023-05-29T02:19:59.200+0300][93.160s][info ][gc] GC(474) Pause Young (Allocation Failure) 234M->234M(455M) 86.908ms
[2023-05-29T02:19:59.460+0300][93.418s][info ][gc] GC(475) Pause Young (Allocation Failure) 291M->291M(455M) 234.803ms
[2023-05-29T02:19:59.556+0300][93.515s][info ][gc] GC(476) Pause Young (Allocation Failure) 349M->349M(455M) 88.115ms
[2023-05-29T02:19:59.756+0300][93.713s][info ][gc] GC(477) Pause Full (Ergonomics) 349M->81M(455M) 197.787ms
[2023-05-29T02:19:59.921+0300][93.879s][info ][gc] GC(478) Pause Young (Allocation Failure) 137M->137M(455M) 142.286ms
[2023-05-29T02:20:00.006+0300][93.969s][info ][gc] GC(479) Pause Young (Allocation Failure) 194M->194M(455M) 82.153ms
[2023-05-29T02:20:00.136+0300][94.094s][info ][gc] GC(480) Pause Young (Allocation Failure) 252M->252M(455M) 114.975ms
[2023-05-29T02:20:00.266+0300][94.225s][info ][gc] GC(481) Pause Young (Allocation Failure) 309M->310M(455M) 103.877ms
[2023-05-29T02:20:00.336+0300][94.297s][info ][gc] GC(482) Pause Full (Ergonomics) 310M->42M(455M) 71.850ms
[2023-05-29T02:20:00.446+0300][94.412s][info ][gc] GC(483) Pause Young (Allocation Failure) 100M->100M(455M) 106.151ms
[2023-05-29T02:20:00.716+0300][94.674s][info ][gc] GC(484) Pause Young (Allocation Failure) 157M->158M(455M) 238.598ms
[2023-05-29T02:20:00.806+0300][94.763s][info ][gc] GC(485) Pause Young (Allocation Failure) 215M->215M(455M) 80.751ms
[2023-05-29T02:20:00.937+0300][94.896s][info ][gc] GC(486) Pause Young (Allocation Failure) 271M->271M(455M) 112.066ms
[2023-05-29T02:20:01.006+0300][94.972s][info ][gc] GC(487) Pause Young (Allocation Failure) 329M->329M(455M) 68.501ms
[2023-05-29T02:20:01.136+0300][95.094s][info ][gc] GC(488) Pause Full (Ergonomics) 329M->61M(455M) 121.664ms
[2023-05-29T02:20:01.238+0300][95.200s][info ][gc] GC(489) Pause Young (Allocation Failure) 118M->118M(455M) 97.349ms
[2023-05-29T02:20:01.367+0300][95.328s][info ][gc] GC(490) Pause Young (Allocation Failure) 176M->176M(455M) 109.100ms
[2023-05-29T02:20:01.463+0300][95.421s][info ][gc] GC(491) Pause Young (Allocation Failure) 234M->234M(455M) 85.177ms
[2023-05-29T02:20:01.756+0300][95.715s][info ][gc] GC(492) Pause Young (Allocation Failure) 291M->291M(455M) 274.507ms
[2023-05-29T02:20:01.861+0300][95.819s][info ][gc] GC(493) Pause Young (Allocation Failure) 349M->349M(455M) 95.164ms
[2023-05-29T02:20:02.038+0300][96.003s][info ][gc] GC(494) Pause Full (Ergonomics) 349M->81M(455M) 183.544ms
[2023-05-29T02:20:02.213+0300][96.171s][info ][gc] GC(495) Pause Young (Allocation Failure) 137M->137M(455M) 143.435ms
[2023-05-29T02:20:02.293+0300][96.250s][info ][gc] GC(496) Pause Young (Allocation Failure) 194M->194M(455M) 71.922ms
[2023-05-29T02:20:02.395+0300][96.357s][info ][gc] GC(497) Pause Young (Allocation Failure) 252M->252M(455M) 97.211ms
[2023-05-29T02:20:02.564+0300][96.521s][info ][gc] GC(498) Pause Young (Allocation Failure) 310M->310M(455M) 139.156ms
[2023-05-29T02:20:02.627+0300][96.592s][info ][gc] GC(499) Pause Full (Ergonomics) 310M->42M(455M) 70.795ms
[2023-05-29T02:20:02.738+0300][96.700s][info ][gc] GC(500) Pause Young (Allocation Failure) 100M->100M(455M) 98.746ms
[2023-05-29T02:20:03.009+0300][96.972s][info ][gc] GC(501) Pause Young (Allocation Failure) 157M->158M(455M) 243.467ms
[2023-05-29T02:20:03.096+0300][97.058s][info ][gc] GC(502) Pause Young (Allocation Failure) 215M->214M(455M) 76.552ms
[2023-05-29T02:20:03.386+0300][97.344s][info ][gc] GC(503) Pause Young (Allocation Failure) 272M->271M(455M) 268.370ms
[2023-05-29T02:20:03.501+0300][97.460s][info ][gc] GC(504) Pause Young (Allocation Failure) 329M->329M(455M) 107.728ms
[2023-05-29T02:20:03.629+0300][97.590s][info ][gc] GC(505) Pause Full (Ergonomics) 329M->61M(455M) 129.891ms
[2023-05-29T02:20:03.740+0300][97.701s][info ][gc] GC(506) Pause Young (Allocation Failure) 118M->119M(455M) 102.596ms
[2023-05-29T02:20:03.876+0300][97.840s][info ][gc] GC(507) Pause Young (Allocation Failure) 176M->176M(455M) 119.813ms
[2023-05-29T02:20:03.986+0300][97.946s][info ][gc] GC(508) Pause Young (Allocation Failure) 234M->234M(455M) 96.818ms
[2023-05-29T02:20:04.166+0300][98.125s][info ][gc] GC(509) Pause Young (Allocation Failure) 291M->292M(455M) 154.378ms
[2023-05-29T02:20:04.266+0300][98.225s][info ][gc] GC(510) Pause Young (Allocation Failure) 349M->349M(455M) 90.287ms
[2023-05-29T02:20:04.466+0300][98.427s][info ][gc] GC(511) Pause Full (Ergonomics) 349M->81M(455M) 202.079ms
[2023-05-29T02:20:04.596+0300][98.555s][info ][gc] GC(512) Pause Young (Allocation Failure) 137M->137M(455M) 108.048ms
[2023-05-29T02:20:04.675+0300][98.632s][info ][gc] GC(513) Pause Young (Allocation Failure) 194M->194M(455M) 70.276ms
[2023-05-29T02:20:04.790+0300][98.749s][info ][gc] GC(514) Pause Young (Allocation Failure) 252M->252M(455M) 106.664ms
[2023-05-29T02:20:04.896+0300][98.856s][info ][gc] GC(515) Pause Young (Allocation Failure) 310M->310M(455M) 88.630ms
[2023-05-29T02:20:04.965+0300][98.923s][info ][gc] GC(516) Pause Full (Ergonomics) 310M->42M(455M) 66.658ms
[2023-05-29T02:20:05.087+0300][99.045s][info ][gc] GC(517) Pause Young (Allocation Failure) 100M->100M(455M) 113.438ms
[2023-05-29T02:20:05.251+0300][99.209s][info ][gc] GC(518) Pause Young (Allocation Failure) 157M->157M(455M) 142.338ms
[2023-05-29T02:20:05.342+0300][99.299s][info ][gc] GC(519) Pause Young (Allocation Failure) 215M->215M(455M) 81.736ms
[2023-05-29T02:20:05.568+0300][99.533s][info ][gc] GC(520) Pause Young (Allocation Failure) 271M->271M(455M) 212.133ms
[2023-05-29T02:20:05.646+0300][99.603s][info ][gc] GC(521) Pause Young (Allocation Failure) 329M->329M(455M) 62.694ms
[2023-05-29T02:20:05.757+0300][99.721s][info ][gc] GC(522) Pause Full (Ergonomics) 329M->61M(455M) 118.205ms
[2023-05-29T02:20:05.868+0300][99.831s][info ][gc] GC(523) Pause Young (Allocation Failure) 118M->119M(455M) 101.010ms
[2023-05-29T02:20:06.101+0300][100.063s][info ][gc] GC(524) Pause Young (Allocation Failure) 176M->176M(455M) 201.210ms
[2023-05-29T02:20:06.206+0300][100.164s][info ][gc] GC(525) Pause Young (Allocation Failure) 234M->234M(455M) 92.617ms
[2023-05-29T02:20:06.466+0300][100.426s][info ][gc] GC(526) Pause Young (Allocation Failure) 291M->291M(455M) 244.351ms
[2023-05-29T02:20:06.571+0300][100.528s][info ][gc] GC(527) Pause Young (Allocation Failure) 349M->349M(455M) 93.485ms
[2023-05-29T02:20:06.766+0300][100.726s][info ][gc] GC(528) Pause Full (Ergonomics) 349M->81M(455M) 197.304ms
[2023-05-29T02:20:06.846+0300][100.808s][info ][gc] GC(529) Pause Young (Allocation Failure) 137M->137M(455M) 55.663ms
[2023-05-29T02:20:06.946+0300][100.903s][info ][gc] GC(530) Pause Young (Allocation Failure) 195M->195M(455M) 88.079ms
[2023-05-29T02:20:07.065+0300][101.023s][info ][gc] GC(531) Pause Young (Allocation Failure) 252M->252M(455M) 110.564ms
[2023-05-29T02:20:07.276+0300][101.237s][info ][gc] GC(532) Pause Young (Allocation Failure) 310M->310M(455M) 194.612ms
[2023-05-29T02:20:07.351+0300][101.311s][info ][gc] GC(533) Pause Full (Ergonomics) 310M->42M(455M) 73.923ms
[2023-05-29T02:20:07.479+0300][101.441s][info ][gc] GC(534) Pause Young (Allocation Failure) 100M->100M(455M) 120.937ms
[2023-05-29T02:20:07.717+0300][101.679s][info ][gc] GC(535) Pause Young (Allocation Failure) 157M->157M(455M) 208.624ms
[2023-05-29T02:20:07.816+0300][101.777s][info ][gc] GC(536) Pause Young (Allocation Failure) 215M->215M(455M) 89.834ms
[2023-05-29T02:20:08.136+0300][102.101s][info ][gc] GC(537) Pause Young (Allocation Failure) 271M->271M(455M) 301.053ms
[2023-05-29T02:20:08.224+0300][102.182s][info ][gc] GC(538) Pause Young (Allocation Failure) 329M->329M(455M) 73.689ms
[2023-05-29T02:20:08.346+0300][102.307s][info ][gc] GC(539) Pause Full (Ergonomics) 329M->61M(455M) 124.710ms
[2023-05-29T02:20:08.448+0300][102.407s][info ][gc] GC(540) Pause Young (Allocation Failure) 118M->118M(455M) 91.050ms
[2023-05-29T02:20:08.607+0300][102.564s][info ][gc] GC(541) Pause Young (Allocation Failure) 176M->176M(455M) 138.538ms
[2023-05-29T02:20:08.706+0300][102.668s][info ][gc] GC(542) Pause Young (Allocation Failure) 233M->234M(455M) 94.938ms
[2023-05-29T02:20:09.006+0300][102.968s][info ][gc] GC(543) Pause Young (Allocation Failure) 291M->291M(455M) 274.827ms
[2023-05-29T02:20:09.106+0300][103.065s][info ][gc] GC(544) Pause Young (Allocation Failure) 349M->349M(455M) 88.367ms
[2023-05-29T02:20:09.296+0300][103.255s][info ][gc] GC(545) Pause Full (Ergonomics) 349M->81M(455M) 189.451ms
[2023-05-29T02:20:09.496+0300][103.460s][info ][gc] GC(546) Pause Young (Allocation Failure) 137M->137M(455M) 180.789ms
[2023-05-29T02:20:09.591+0300][103.549s][info ][gc] GC(547) Pause Young (Allocation Failure) 195M->195M(455M) 81.504ms
[2023-05-29T02:20:09.696+0300][103.660s][info ][gc] GC(548) Pause Young (Allocation Failure) 252M->252M(455M) 102.221ms
[2023-05-29T02:20:09.866+0300][103.825s][info ][gc] GC(549) Pause Young (Allocation Failure) 310M->310M(455M) 143.381ms
[2023-05-29T02:20:09.936+0300][103.896s][info ][gc] GC(550) Pause Full (Ergonomics) 310M->42M(455M) 71.015ms
[2023-05-29T02:20:10.130+0300][104.093s][info ][gc] GC(551) Pause Young (Allocation Failure) 100M->100M(455M) 188.567ms
[2023-05-29T02:20:10.381+0300][104.340s][info ][gc] GC(552) Pause Young (Allocation Failure) 157M->158M(455M) 218.130ms
[2023-05-29T02:20:10.466+0300][104.425s][info ][gc] GC(553) Pause Young (Allocation Failure) 215M->215M(455M) 76.248ms
[2023-05-29T02:20:10.886+0300][104.844s][info ][gc] GC(554) Pause Young (Allocation Failure) 271M->271M(455M) 390.698ms
[2023-05-29T02:20:11.016+0300][104.974s][info ][gc] GC(555) Pause Young (Allocation Failure) 329M->329M(455M) 122.389ms
[2023-05-29T02:20:11.136+0300][105.099s][info ][gc] GC(556) Pause Full (Ergonomics) 329M->61M(455M) 125.026ms
[2023-05-29T02:20:11.286+0300][105.247s][info ][gc] GC(557) Pause Young (Allocation Failure) 118M->119M(455M) 138.194ms
[2023-05-29T02:20:11.544+0300][105.501s][info ][gc] GC(558) Pause Young (Allocation Failure) 176M->176M(455M) 233.567ms
[2023-05-29T02:20:11.639+0300][105.602s][info ][gc] GC(559) Pause Young (Allocation Failure) 234M->234M(455M) 91.941ms
[2023-05-29T02:20:12.016+0300][105.977s][info ][gc] GC(560) Pause Young (Allocation Failure) 291M->292M(455M) 347.317ms
[2023-05-29T02:20:12.111+0300][106.070s][info ][gc] GC(561) Pause Young (Allocation Failure) 349M->349M(455M) 83.674ms
[2023-05-29T02:20:12.301+0300][106.258s][info ][gc] GC(562) Pause Full (Ergonomics) 349M->81M(455M) 188.064ms
[2023-05-29T02:20:12.496+0300][106.454s][info ][gc] GC(563) Pause Young (Allocation Failure) 137M->137M(455M) 173.595ms
[2023-05-29T02:20:12.564+0300][106.522s][info ][gc] GC(564) Pause Young (Allocation Failure) 195M->195M(455M) 60.606ms
[2023-05-29T02:20:12.688+0300][106.645s][info ][gc] GC(565) Pause Young (Allocation Failure) 252M->252M(455M) 114.112ms
[2023-05-29T02:20:12.810+0300][106.772s][info ][gc] GC(566) Pause Young (Allocation Failure) 310M->310M(455M) 106.780ms
[2023-05-29T02:20:12.886+0300][106.844s][info ][gc] GC(567) Pause Full (Ergonomics) 310M->42M(455M) 72.492ms
[2023-05-29T02:20:13.007+0300][106.968s][info ][gc] GC(568) Pause Young (Allocation Failure) 100M->100M(455M) 114.128ms
[2023-05-29T02:20:13.276+0300][107.239s][info ][gc] GC(569) Pause Young (Allocation Failure) 157M->158M(455M) 241.033ms
[2023-05-29T02:20:13.382+0300][107.342s][info ][gc] GC(570) Pause Young (Allocation Failure) 215M->215M(455M) 93.701ms
[2023-05-29T02:20:13.510+0300][107.467s][info ][gc] GC(571) Pause Young (Allocation Failure) 271M->271M(455M) 106.241ms
[2023-05-29T02:20:13.626+0300][107.584s][info ][gc] GC(572) Pause Young (Allocation Failure) 329M->329M(455M) 109.969ms
[2023-05-29T02:20:13.746+0300][107.706s][info ][gc] GC(573) Pause Full (Ergonomics) 329M->61M(455M) 122.117ms
[2023-05-29T02:20:13.867+0300][107.830s][info ][gc] GC(574) Pause Young (Allocation Failure) 118M->119M(455M) 114.964ms
[2023-05-29T02:20:13.991+0300][107.950s][info ][gc] GC(575) Pause Young (Allocation Failure) 176M->176M(455M) 102.064ms
[2023-05-29T02:20:14.095+0300][108.052s][info ][gc] GC(576) Pause Young (Allocation Failure) 234M->234M(455M) 92.143ms
[2023-05-29T02:20:14.267+0300][108.224s][info ][gc] GC(577) Pause Young (Allocation Failure) 291M->291M(455M) 153.654ms
[2023-05-29T02:20:14.367+0300][108.328s][info ][gc] GC(578) Pause Young (Allocation Failure) 349M->349M(455M) 95.040ms
[2023-05-29T02:20:14.577+0300][108.533s][info ][gc] GC(579) Pause Full (Ergonomics) 349M->81M(455M) 205.264ms
[2023-05-29T02:20:14.761+0300][108.721s][info ][gc] GC(580) Pause Young (Allocation Failure) 137M->137M(455M) 168.293ms
[2023-05-29T02:20:14.826+0300][108.783s][info ][gc] GC(581) Pause Young (Allocation Failure) 195M->195M(455M) 54.372ms
[2023-05-29T02:20:14.941+0300][108.901s][info ][gc] GC(582) Pause Young (Allocation Failure) 252M->252M(455M) 108.676ms
[2023-05-29T02:20:15.094+0300][109.051s][info ][gc] GC(583) Pause Young (Allocation Failure) 310M->310M(455M) 126.437ms
[2023-05-29T02:20:15.156+0300][109.116s][info ][gc] GC(584) Pause Full (Ergonomics) 310M->42M(455M) 65.608ms
[2023-05-29T02:20:15.249+0300][109.206s][info ][gc] GC(585) Pause Young (Allocation Failure) 100M->100M(455M) 80.918ms
[2023-05-29T02:20:15.437+0300][109.393s][info ][gc] GC(586) Pause Young (Allocation Failure) 157M->157M(455M) 169.270ms
[2023-05-29T02:20:15.520+0300][109.480s][info ][gc] GC(587) Pause Young (Allocation Failure) 215M->215M(455M) 77.862ms
[2023-05-29T02:20:15.882+0300][109.840s][info ][gc] GC(588) Pause Young (Allocation Failure) 271M->271M(455M) 330.695ms
[2023-05-29T02:20:15.949+0300][109.906s][info ][gc] GC(589) Pause Young (Allocation Failure) 329M->329M(455M) 59.606ms
[2023-05-29T02:20:16.067+0300][110.028s][info ][gc] GC(590) Pause Full (Ergonomics) 329M->61M(455M) 121.561ms
[2023-05-29T02:20:16.217+0300][110.180s][info ][gc] GC(591) Pause Young (Allocation Failure) 118M->118M(455M) 143.116ms
[2023-05-29T02:20:16.447+0300][110.411s][info ][gc] GC(592) Pause Young (Allocation Failure) 176M->176M(455M) 199.225ms
[2023-05-29T02:20:16.556+0300][110.520s][info ][gc] GC(593) Pause Young (Allocation Failure) 234M->234M(455M) 100.323ms
[2023-05-29T02:20:16.797+0300][110.757s][info ][gc] GC(594) Pause Young (Allocation Failure) 291M->292M(455M) 216.014ms
[2023-05-29T02:20:16.896+0300][110.855s][info ][gc] GC(595) Pause Young (Allocation Failure) 349M->349M(455M) 90.013ms
[2023-05-29T02:20:17.092+0300][111.051s][info ][gc] GC(596) Pause Full (Ergonomics) 349M->81M(455M) 194.955ms
[2023-05-29T02:20:17.304+0300][111.263s][info ][gc] GC(597) Pause Young (Allocation Failure) 137M->137M(455M) 192.394ms
[2023-05-29T02:20:17.367+0300][111.333s][info ][gc] GC(598) Pause Young (Allocation Failure) 195M->195M(455M) 62.179ms
[2023-05-29T02:20:17.497+0300][111.456s][info ][gc] GC(599) Pause Young (Allocation Failure) 252M->252M(455M) 113.705ms
[2023-05-29T02:20:17.627+0300][111.586s][info ][gc] GC(600) Pause Young (Allocation Failure) 310M->310M(455M) 111.352ms
[2023-05-29T02:20:17.703+0300][111.660s][info ][gc] GC(601) Pause Full (Ergonomics) 310M->42M(455M) 74.244ms
[2023-05-29T02:20:17.816+0300][111.781s][info ][gc] GC(602) Pause Young (Allocation Failure) 100M->100M(455M) 111.993ms
[2023-05-29T02:20:18.026+0300][111.986s][info ][gc] GC(603) Pause Young (Allocation Failure) 157M->158M(455M) 180.431ms
[2023-05-29T02:20:18.127+0300][112.085s][info ][gc] GC(604) Pause Young (Allocation Failure) 215M->215M(455M) 89.353ms
[2023-05-29T02:20:18.570+0300][112.529s][info ][gc] GC(605) Pause Young (Allocation Failure) 271M->271M(455M) 413.942ms
[2023-05-29T02:20:18.638+0300][112.596s][info ][gc] GC(606) Pause Young (Allocation Failure) 329M->329M(455M) 58.650ms
[2023-05-29T02:20:18.757+0300][112.720s][info ][gc] GC(607) Pause Full (Ergonomics) 329M->61M(455M) 124.277ms
[2023-05-29T02:20:18.847+0300][112.813s][info ][gc] GC(608) Pause Young (Allocation Failure) 118M->119M(455M) 84.541ms
[2023-05-29T02:20:18.977+0300][112.939s][info ][gc] GC(609) Pause Young (Allocation Failure) 176M->176M(455M) 102.623ms
[2023-05-29T02:20:19.081+0300][113.038s][info ][gc] GC(610) Pause Young (Allocation Failure) 234M->234M(455M) 91.355ms
[2023-05-29T02:20:19.240+0300][113.201s][info ][gc] GC(611) Pause Young (Allocation Failure) 291M->291M(455M) 144.619ms
[2023-05-29T02:20:19.334+0300][113.298s][info ][gc] GC(612) Pause Young (Allocation Failure) 349M->349M(455M) 88.496ms
[2023-05-29T02:20:19.508+0300][113.475s][info ][gc] GC(613) Pause Full (Ergonomics) 349M->81M(455M) 177.397ms
[2023-05-29T02:20:19.633+0300][113.593s][info ][gc] GC(614) Pause Young (Allocation Failure) 137M->137M(455M) 96.831ms
[2023-05-29T02:20:19.700+0300][113.658s][info ][gc] GC(615) Pause Young (Allocation Failure) 194M->194M(455M) 58.566ms
[2023-05-29T02:20:19.823+0300][113.782s][info ][gc] GC(616) Pause Young (Allocation Failure) 252M->252M(455M) 115.651ms
[2023-05-29T02:20:19.981+0300][113.947s][info ][gc] GC(617) Pause Young (Allocation Failure) 310M->310M(455M) 147.005ms
[2023-05-29T02:20:20.044+0300][114.015s][info ][gc] GC(618) Pause Full (Ergonomics) 310M->42M(455M) 67.511ms
[2023-05-29T02:20:20.161+0300][114.125s][info ][gc] GC(619) Pause Young (Allocation Failure) 100M->100M(455M) 102.734ms
[2023-05-29T02:20:20.328+0300][114.291s][info ][gc] GC(620) Pause Young (Allocation Failure) 157M->158M(455M) 147.105ms
[2023-05-29T02:20:20.406+0300][114.378s][info ][gc] GC(621) Pause Young (Allocation Failure) 215M->215M(455M) 78.446ms
[2023-05-29T02:20:20.580+0300][114.547s][info ][gc] GC(622) Pause Young (Allocation Failure) 271M->271M(455M) 151.123ms
[2023-05-29T02:20:20.643+0300][114.611s][info ][gc] GC(623) Pause Young (Allocation Failure) 329M->329M(455M) 57.999ms
[2023-05-29T02:20:20.753+0300][114.722s][info ][gc] GC(624) Pause Full (Ergonomics) 329M->61M(455M) 111.252ms
[2023-05-29T02:20:20.911+0300][114.875s][info ][gc] GC(625) Pause Young (Allocation Failure) 118M->119M(455M) 143.324ms
[2023-05-29T02:20:21.011+0300][114.973s][info ][gc] GC(626) Pause Young (Allocation Failure) 176M->176M(455M) 80.786ms
[2023-05-29T02:20:21.115+0300][115.072s][info ][gc] GC(627) Pause Young (Allocation Failure) 234M->234M(455M) 90.918ms
[2023-05-29T02:20:21.278+0300][115.241s][info ][gc] GC(628) Pause Young (Allocation Failure) 291M->292M(455M) 146.191ms
[2023-05-29T02:20:21.377+0300][115.340s][info ][gc] GC(629) Pause Young (Allocation Failure) 349M->349M(455M) 91.864ms
[2023-05-29T02:20:21.562+0300][115.522s][info ][gc] GC(630) Pause Full (Ergonomics) 349M->81M(455M) 181.919ms
[2023-05-29T02:20:21.633+0300][115.597s][info ][gc] GC(631) Pause Young (Allocation Failure) 137M->137M(455M) 54.629ms
[2023-05-29T02:20:21.696+0300][115.658s][info ][gc] GC(632) Pause Young (Allocation Failure) 195M->195M(455M) 55.326ms
[2023-05-29T02:20:21.806+0300][115.777s][info ][gc] GC(633) Pause Young (Allocation Failure) 252M->252M(455M) 111.007ms
[2023-05-29T02:20:21.916+0300][115.876s][info ][gc] GC(634) Pause Young (Allocation Failure) 310M->310M(455M) 77.889ms
[2023-05-29T02:20:21.979+0300][115.946s][info ][gc] GC(635) Pause Full (Ergonomics) 310M->42M(455M) 70.102ms
[2023-05-29T02:20:22.073+0300][116.033s][info ][gc] GC(636) Pause Young (Allocation Failure) 100M->100M(455M) 78.813ms
[2023-05-29T02:20:22.234+0300][116.204s][info ][gc] GC(637) Pause Young (Allocation Failure) 157M->158M(455M) 153.675ms
[2023-05-29T02:20:22.328+0300][116.287s][info ][gc] GC(638) Pause Young (Allocation Failure) 215M->215M(455M) 75.090ms
[2023-05-29T02:20:22.427+0300][116.397s][info ][gc] GC(639) Pause Young (Allocation Failure) 271M->271M(455M) 91.612ms
